<?xml version="1.0" encoding="utf-8"?>
<TestRun id="37789aa1-a41d-438c-8468-a2b7574f4eed" name="@xiaoshu 2026-07-17 15:57:06" xmlns="http://microsoft.com/schemas/VisualStudio/TeamTest/2010">
  <Times creation="2026-07-17T15:57:06.5112770+08:00" queuing="2026-07-17T15:57:06.5112770+08:00" start="2026-07-17T15:57:05.4754730+08:00" finish="2026-07-17T15:57:06.5251060+08:00" />
  <TestSettings name="default" id="cc3b927d-d646-494f-8ddb-f54acbe7bba7">
    <Deployment runDeploymentRoot="_xiaoshu_2026-07-17_15_57_06" />
  </TestSettings>
  <Results>
    <UnitTestResult executionId="03398e7c-6a2c-48ce-8ca1-55dbb698cc58" testId="1170ae8c-d511-f6a9-9903-c8c3e66dedfd" testName="IIoT.CloudPlatform.ContractTests.CloudOidcProviderBehaviorTests.OidcProviderOptions_Validate_ShouldAllowExplicitIntranetHttpOidc(issuer: &quot;http://192.168.1.10:81&quot;, redirectUri: &quot;http://192.168.1.11:82/api/identity/cloud-oidc/cal&quot;···, postLogoutRedirectUri: &quot;http://192.168.1.11:82/login&quot;)" computerName="xiaoshu" duration="00:00:00.0004814" startTime="2026-07-17T15:57:06.2600920+08:00" endTime="2026-07-17T15:57:06.2601600+08:00" testType="13cdc9d9-ddb5-4fa4-a97d-d965ccfc6d4b" outcome="Passed" testListId="8c84fa94-04c1-424b-9868-57a2d4851a1d" relativeResultsDirectory="03398e7c-6a2c-48ce-8ca1-55dbb698cc58" />
    <UnitTestResult executionId="efe78183-56e5-41c3-b9ab-9fb2c60f8fd6" testId="bf675e40-8e0e-8163-d20b-f3ce572258e9" testName="IIoT.CloudPlatform.ContractTests.CloudOidcProviderBehaviorTests.CloudIdentityStatusQuery_ShouldRequireAiReadIdentityStatusPermission" computerName="xiaoshu" duration="00:00:00.0023304" startTime="2026-07-17T15:57:06.2863480+08:00" endTime="2026-07-17T15:57:06.2863970+08:00" testType="13cdc9d9-ddb5-4fa4-a97d-d965ccfc6d4b" outcome="Passed" testListId="8c84fa94-04c1-424b-9868-57a2d4851a1d" relativeResultsDirectory="efe78183-56e5-41c3-b9ab-9fb2c60f8fd6" />
    <UnitTestResult executionId="45e83433-c04d-434d-be77-353b3a3ce765" testId="bec2b521-5d68-3a88-3727-f0eed7ba813a" testName="IIoT.CloudPlatform.ContractTests.HttpControllerContractTests.ControllerRoutes_ShouldBelongToAnApprovedHttpSurface" computerName="xiaoshu" duration="00:00:00.0157238" startTime="2026-07-17T15:57:06.2863590+08:00" endTime="2026-07-17T15:57:06.2874430+08:00" testType="13cdc9d9-ddb5-4fa4-a97d-d965ccfc6d4b" outcome="Passed" testListId="8c84fa94-04c1-424b-9868-57a2d4851a1d" relativeResultsDirectory="45e83433-c04d-434d-be77-353b3a3ce765" />
    <UnitTestResult executionId="060a1761-8da0-4e7a-a832-3e53c30ecc06" testId="15288e12-e828-250f-2d86-f30a03507afe" testName="IIoT.CloudPlatform.ContractTests.GatewayAndEventContractTests.AppHostTestingGuard_RequiresAnAlreadyTrustedTestingEnvironment" computerName="xiaoshu" duration="00:00:00.0040036" startTime="2026-07-17T15:57:06.3361970+08:00" endTime="2026-07-17T15:57:06.3366300+08:00" testType="13cdc9d9-ddb5-4fa4-a97d-d965ccfc6d4b" outcome="Passed" testListId="8c84fa94-04c1-424b-9868-57a2d4851a1d" relativeResultsDirectory="060a1761-8da0-4e7a-a832-3e53c30ecc06" />
    <UnitTestResult executionId="dc8f0cc5-debb-4889-b8c4-f2e607caad33" testId="135c9a04-3c92-bcf1-0b8c-30df003667bb" testName="IIoT.CloudPlatform.ContractTests.CloudOidcProviderBehaviorTests.CloudOidcUserProfile_ShouldKeepClaimsContractMinimal" computerName="xiaoshu" duration="00:00:00.0050528" startTime="2026-07-17T15:57:06.2858490+08:00" endTime="2026-07-17T15:57:06.2859000+08:00" testType="13cdc9d9-ddb5-4fa4-a97d-d965ccfc6d4b" outcome="Passed" testListId="8c84fa94-04c1-424b-9868-57a2d4851a1d" relativeResultsDirectory="dc8f0cc5-debb-4889-b8c4-f2e607caad33" />
    <UnitTestResult executionId="0645955c-a2eb-4b5a-a40a-c893cce5d11e" testId="a9378c6c-4607-54c9-7a49-1f0c8b04bfc3" testName="IIoT.CloudPlatform.ContractTests.CloudOidcProviderBehaviorTests.OidcProviderOptions_Validate_ShouldRejectInsecureOidcUris(environmentName: &quot;Production&quot;, issuer: &quot;https://cloud.example.com&quot;, redirectUri: &quot;https://ai.example.com/api/identity/cloud-oidc/cal&quot;···, postLogoutRedirectUri: &quot;http://localhost:5178/login&quot;)" computerName="xiaoshu" duration="00:00:00.0001131" startTime="2026-07-17T15:57:06.2842140+08:00" endTime="2026-07-17T15:57:06.2842380+08:00" testType="13cdc9d9-ddb5-4fa4-a97d-d965ccfc6d4b" outcome="Passed" testListId="8c84fa94-04c1-424b-9868-57a2d4851a1d" relativeResultsDirectory="0645955c-a2eb-4b5a-a40a-c893cce5d11e" />
    <UnitTestResult executionId="9d3bc9ea-e5a6-49b1-8654-d0cb2029d3ba" testId="e53e4b5d-0359-6fec-123e-d2eda5411520" testName="IIoT.CloudPlatform.ContractTests.HttpControllerContractTests.EdgeUploadActions_ShouldExposeExactLimitsAndDedicatedPolicies(controller: typeof(IIoT.HttpApi.Controllers.EdgeDeviceLogController), methodName: &quot;Receive&quot;, route: null, ratePolicy: &quot;device-log-upload&quot;)" computerName="xiaoshu" duration="00:00:00.0000549" startTime="2026-07-17T15:57:06.2881110+08:00" endTime="2026-07-17T15:57:06.2881340+08:00" testType="13cdc9d9-ddb5-4fa4-a97d-d965ccfc6d4b" outcome="Passed" testListId="8c84fa94-04c1-424b-9868-57a2d4851a1d" relativeResultsDirectory="9d3bc9ea-e5a6-49b1-8654-d0cb2029d3ba" />
    <UnitTestResult executionId="14b747fc-5d1d-4d0d-8f62-c3469b077f76" testId="3bbb395c-40b6-1982-d525-6676854d0ccd" testName="IIoT.CloudPlatform.ContractTests.CloudOidcProviderBehaviorTests.OidcProviderOptions_Validate_ShouldRejectInsecureOidcUris(environmentName: &quot;Production&quot;, issuer: &quot;http://localhost:8080&quot;, redirectUri: &quot;https://ai.example.com/api/identity/cloud-oidc/cal&quot;···, postLogoutRedirectUri: &quot;https://ai.example.com/login&quot;)" computerName="xiaoshu" duration="00:00:00.0001178" startTime="2026-07-17T15:57:06.2841430+08:00" endTime="2026-07-17T15:57:06.2841680+08:00" testType="13cdc9d9-ddb5-4fa4-a97d-d965ccfc6d4b" outcome="Passed" testListId="8c84fa94-04c1-424b-9868-57a2d4851a1d" relativeResultsDirectory="14b747fc-5d1d-4d0d-8f62-c3469b077f76" />
    <UnitTestResult executionId="b294170a-1c57-4972-b87c-16ad2f9acae5" testId="91c49654-5aef-3fd1-054c-4abade93868e" testName="IIoT.CloudPlatform.ContractTests.HttpControllerContractTests.HumanDeviceController_ShouldNotExposeManualBootstrapSecretRotation" computerName="xiaoshu" duration="00:00:00.0002881" startTime="2026-07-17T15:57:06.2883850+08:00" endTime="2026-07-17T15:57:06.2884060+08:00" testType="13cdc9d9-ddb5-4fa4-a97d-d965ccfc6d4b" outcome="Passed" testListId="8c84fa94-04c1-424b-9868-57a2d4851a1d" relativeResultsDirectory="b294170a-1c57-4972-b87c-16ad2f9acae5" />
    <UnitTestResult executionId="38ae38a2-3d5a-4733-a70c-fc736785f554" testId="a74449c5-3057-1b35-1a64-42ff67e81648" testName="IIoT.CloudPlatform.ContractTests.GatewayAndEventContractTests.GatewayRouteCatalog_ShouldResolveConfiguredSurfacesAndRejectAliases(path: &quot;/api/v1/human/devices&quot;, expectedSurface: &quot;human&quot;, expectedRouteOrUpstream: &quot;human&quot;, expectedBlocked: False)" computerName="xiaoshu" duration="00:00:00.0000268" startTime="2026-07-17T15:57:06.3154070+08:00" endTime="2026-07-17T15:57:06.3154390+08:00" testType="13cdc9d9-ddb5-4fa4-a97d-d965ccfc6d4b" outcome="Passed" testListId="8c84fa94-04c1-424b-9868-57a2d4851a1d" relativeResultsDirectory="38ae38a2-3d5a-4733-a70c-fc736785f554" />
    <UnitTestResult executionId="7d6d500e-19fc-41d2-8fd6-7418174ad400" testId="e84e36df-7bf6-d56b-d388-7f43b077fb27" testName="IIoT.CloudPlatform.ContractTests.CloudOidcProviderBehaviorTests.OidcProviderOptions_Validate_ShouldAllowExplicitIntranetHttpOidc(issuer: &quot;http://10.98.90.154:81&quot;, redirectUri: &quot;http://10.98.90.154:82/api/identity/cloud-oidc/cal&quot;···, postLogoutRedirectUri: &quot;http://10.98.90.154:82/login&quot;)" computerName="xiaoshu" duration="00:00:00.0000059" startTime="2026-07-17T15:57:06.2840330+08:00" endTime="2026-07-17T15:57:06.2840620+08:00" testType="13cdc9d9-ddb5-4fa4-a97d-d965ccfc6d4b" outcome="Passed" testListId="8c84fa94-04c1-424b-9868-57a2d4851a1d" relativeResultsDirectory="7d6d500e-19fc-41d2-8fd6-7418174ad400" />
    <UnitTestResult executionId="4db57151-ec36-4187-af43-2b82bb49cbcb" testId="62e68e30-9d3d-4539-d804-47ed5ec94ac4" testName="IIoT.CloudPlatform.ContractTests.CloudOidcProviderBehaviorTests.OidcProviderOptions_Validate_ShouldRejectPublicHttpEvenWhenIntranetHttpOidcIsEnabled(issuer: &quot;http://10.98.90.154:81&quot;, redirectUri: &quot;http://ai.example.com/api/identity/cloud-oidc/call&quot;···, postLogoutRedirectUri: &quot;http://10.98.90.154:82/login&quot;)" computerName="xiaoshu" duration="00:00:00.0000218" startTime="2026-07-17T15:57:06.2857150+08:00" endTime="2026-07-17T15:57:06.2857370+08:00" testType="13cdc9d9-ddb5-4fa4-a97d-d965ccfc6d4b" outcome="Passed" testListId="8c84fa94-04c1-424b-9868-57a2d4851a1d" relativeResultsDirectory="4db57151-ec36-4187-af43-2b82bb49cbcb" />
    <UnitTestResult executionId="d87a899c-4001-4628-8b0a-c657ec6a1117" testId="17b7bed2-3ad1-f74d-3a7c-55c02efa217b" testName="IIoT.CloudPlatform.ContractTests.AiReadHttpContractTests.AiReadProductionRecords_ShouldExposeOnlyReadRouteAndProductionRecordPermission" computerName="xiaoshu" duration="00:00:00.0020522" startTime="2026-07-17T15:57:06.2873400+08:00" endTime="2026-07-17T15:57:06.2873630+08:00" testType="13cdc9d9-ddb5-4fa4-a97d-d965ccfc6d4b" outcome="Passed" testListId="8c84fa94-04c1-424b-9868-57a2d4851a1d" relativeResultsDirectory="d87a899c-4001-4628-8b0a-c657ec6a1117" />
    <UnitTestResult executionId="63ee104a-dfc1-4d63-9dc9-abf9be7410b8" testId="951baf9a-bac4-ec0a-76e0-cdd0b7a5a443" testName="IIoT.CloudPlatform.ContractTests.HttpControllerContractTests.ApiControllerBase_ShouldReturnProblemDetailsWithStableMediaTypeAndErrors" computerName="xiaoshu" duration="00:00:00.0032918" startTime="2026-07-17T15:57:06.2881900+08:00" endTime="2026-07-17T15:57:06.2882620+08:00" testType="13cdc9d9-ddb5-4fa4-a97d-d965ccfc6d4b" outcome="Passed" testListId="8c84fa94-04c1-424b-9868-57a2d4851a1d" relativeResultsDirectory="63ee104a-dfc1-4d63-9dc9-abf9be7410b8" />
    <UnitTestResult executionId="1c41fa81-4018-4dd2-b031-053c7b38818c" testId="ca59b9a9-a3f7-7f21-4cfd-6826b28938ef" testName="IIoT.CloudPlatform.ContractTests.ProductionContractShapeTests.EdgeInstallerArtifactManifest_ShouldExposeVelopackSetupFileContract" computerName="xiaoshu" duration="00:00:00.0000914" startTime="2026-07-17T15:57:06.2876150+08:00" endTime="2026-07-17T15:57:06.2876620+08:00" testType="13cdc9d9-ddb5-4fa4-a97d-d965ccfc6d4b" outcome="Passed" testListId="8c84fa94-04c1-424b-9868-57a2d4851a1d" relativeResultsDirectory="1c41fa81-4018-4dd2-b031-053c7b38818c" />
    <UnitTestResult executionId="c014b7c2-19c7-4505-a27b-137cae6cdcbb" testId="fd5b952e-f0c1-0092-70ad-9a979342264e" testName="IIoT.CloudPlatform.ContractTests.ProductionContractShapeTests.EventContracts_ShouldExposeIntegrationEventBoundary" computerName="xiaoshu" duration="00:00:00.0029289" startTime="2026-07-17T15:57:06.2880390+08:00" endTime="2026-07-17T15:57:06.2882120+08:00" testType="13cdc9d9-ddb5-4fa4-a97d-d965ccfc6d4b" outcome="Passed" testListId="8c84fa94-04c1-424b-9868-57a2d4851a1d" relativeResultsDirectory="c014b7c2-19c7-4505-a27b-137cae6cdcbb" />
    <UnitTestResult executionId="a9958e8c-fb2d-4d9a-9449-f480be835a19" testId="52fbdaeb-3006-034c-708c-5923d17940f0" testName="IIoT.CloudPlatform.ContractTests.GatewayAndEventContractTests.PassStationConsumer_ShouldRejectUnsupportedSchemaBeforeDispatch" computerName="xiaoshu" duration="00:00:00.0712796" startTime="2026-07-17T15:57:06.2361360+08:00" endTime="2026-07-17T15:57:06.3103660+08:00" testType="13cdc9d9-ddb5-4fa4-a97d-d965ccfc6d4b" outcome="Passed" testListId="8c84fa94-04c1-424b-9868-57a2d4851a1d" relativeResultsDirectory="a9958e8c-fb2d-4d9a-9449-f480be835a19" />
    <UnitTestResult executionId="fb56b419-b970-484b-a754-e979da37a92f" testId="9f3d7a9f-549a-f132-f665-4e1f6dae9e14" testName="IIoT.CloudPlatform.ContractTests.CloudOidcProviderBehaviorTests.OidcProviderOptions_Validate_ShouldAllowDevelopmentLoopbackHttp(issuer: &quot;http://[::1]:8080&quot;, redirectUri: &quot;http://[::1]:5178/api/identity/cloud-oidc/callback&quot;, postLogoutRedirectUri: &quot;http://[::1]:5178/login&quot;)" computerName="xiaoshu" duration="00:00:00.0015580" startTime="2026-07-17T15:57:06.2845530+08:00" endTime="2026-07-17T15:57:06.2845750+08:00" testType="13cdc9d9-ddb5-4fa4-a97d-d965ccfc6d4b" outcome="Passed" testListId="8c84fa94-04c1-424b-9868-57a2d4851a1d" relativeResultsDirectory="fb56b419-b970-484b-a754-e979da37a92f" />
    <UnitTestResult executionId="42bd86bd-fd92-4794-8124-78aa2a937231" testId="968ca44d-f431-12bf-e8db-fbbf28e18b83" testName="IIoT.CloudPlatform.ContractTests.HttpControllerContractTests.EdgeHostControllers_ShouldKeepHumanReadAndEdgeReportSurfacesSeparated" computerName="xiaoshu" duration="00:00:00.0004282" startTime="2026-07-17T15:57:06.2884570+08:00" endTime="2026-07-17T15:57:06.2884780+08:00" testType="13cdc9d9-ddb5-4fa4-a97d-d965ccfc6d4b" outcome="Passed" testListId="8c84fa94-04c1-424b-9868-57a2d4851a1d" relativeResultsDirectory="42bd86bd-fd92-4794-8124-78aa2a937231" />
    <UnitTestResult executionId="b1616fe7-36ce-443c-92b9-0d0721bd3c47" testId="d1b3014e-f548-5805-5496-e02ae4dac56f" testName="IIoT.CloudPlatform.ContractTests.HttpControllerContractTests.BootstrapLookup_ShouldExposeExactQueryHeaderRouteAndRatePolicy" computerName="xiaoshu" duration="00:00:00.0002768" startTime="2026-07-17T15:57:06.2883140+08:00" endTime="2026-07-17T15:57:06.2883360+08:00" testType="13cdc9d9-ddb5-4fa4-a97d-d965ccfc6d4b" outcome="Passed" testListId="8c84fa94-04c1-424b-9868-57a2d4851a1d" relativeResultsDirectory="b1616fe7-36ce-443c-92b9-0d0721bd3c47" />
    <UnitTestResult executionId="46302cac-4ce3-462e-8b88-21596c7acf25" testId="b48764b1-6842-da18-15bc-a4e07506998e" testName="IIoT.CloudPlatform.ContractTests.GatewayAndEventContractTests.GatewayRouteCatalog_ShouldResolveConfiguredSurfacesAndRejectAliases(path: &quot;/unknown&quot;, expectedSurface: &quot;unknown&quot;, expectedRouteOrUpstream: &quot;unmatched&quot;, expectedBlocked: False)" computerName="xiaoshu" duration="00:00:00.0000223" startTime="2026-07-17T15:57:06.3154830+08:00" endTime="2026-07-17T15:57:06.3155070+08:00" testType="13cdc9d9-ddb5-4fa4-a97d-d965ccfc6d4b" outcome="Passed" testListId="8c84fa94-04c1-424b-9868-57a2d4851a1d" relativeResultsDirectory="46302cac-4ce3-462e-8b88-21596c7acf25" />
    <UnitTestResult executionId="6c982f59-9a6c-4cb3-946f-3ac7c2c1ea2b" testId="5bb4b35a-10be-b7d1-5279-80fc97a36f56" testName="IIoT.CloudPlatform.ContractTests.GatewayAndEventContractTests.GatewayRouteCatalog_ShouldResolveConfiguredSurfacesAndRejectAliases(path: &quot;/api/v1/edge/bootstrap/device-instance&quot;, expectedSurface: &quot;blocked-bootstrap-alias&quot;, expectedRouteOrUpstream: &quot;blocked&quot;, expectedBlocked: True)" computerName="xiaoshu" duration="00:00:00.0002099" startTime="2026-07-17T15:57:06.3152030+08:00" endTime="2026-07-17T15:57:06.3153370+08:00" testType="13cdc9d9-ddb5-4fa4-a97d-d965ccfc6d4b" outcome="Passed" testListId="8c84fa94-04c1-424b-9868-57a2d4851a1d" relativeResultsDirectory="6c982f59-9a6c-4cb3-946f-3ac7c2c1ea2b" />
    <UnitTestResult executionId="cc49a36b-956a-4415-9f8e-23ccf2e7b630" testId="45b083e8-a739-a0cd-b06f-6302e3854303" testName="IIoT.CloudPlatform.ContractTests.CloudOidcProviderBehaviorTests.OidcProviderOptions_Validate_ShouldAllowDevelopmentLoopbackHttp(issuer: &quot;http://localhost:8080&quot;, redirectUri: &quot;http://localhost:5178/api/identity/cloud-oidc/call&quot;···, postLogoutRedirectUri: &quot;http://localhost:5178/login&quot;)" computerName="xiaoshu" duration="00:00:00.0001472" startTime="2026-07-17T15:57:06.2844260+08:00" endTime="2026-07-17T15:57:06.2844490+08:00" testType="13cdc9d9-ddb5-4fa4-a97d-d965ccfc6d4b" outcome="Passed" testListId="8c84fa94-04c1-424b-9868-57a2d4851a1d" relativeResultsDirectory="cc49a36b-956a-4415-9f8e-23ccf2e7b630" />
    <UnitTestResult executionId="ff83c67b-6e13-44c5-9e38-15b4e564b0f5" testId="1056be9a-8e2b-6fed-f55e-c95ee3a2937c" testName="IIoT.CloudPlatform.ContractTests.ProductionContractShapeTests.EventContracts_ShouldDefaultMissingSchemaVersionToV1" computerName="xiaoshu" duration="00:00:00.0398458" startTime="2026-07-17T15:57:06.2370280+08:00" endTime="2026-07-17T15:57:06.2875600+08:00" testType="13cdc9d9-ddb5-4fa4-a97d-d965ccfc6d4b" outcome="Passed" testListId="8c84fa94-04c1-424b-9868-57a2d4851a1d" relativeResultsDirectory="ff83c67b-6e13-44c5-9e38-15b4e564b0f5" />
    <UnitTestResult executionId="1582c955-2c36-4e8a-a556-a2272a76e936" testId="fa7265eb-06e7-0dad-1898-3a4d06b233e0" testName="IIoT.CloudPlatform.ContractTests.CloudOidcProviderBehaviorTests.OidcProviderOptions_Validate_ShouldAllowExplicitIntranetHttpOidc(issuer: &quot;http://localhost:8080&quot;, redirectUri: &quot;http://localhost:5178/api/identity/cloud-oidc/call&quot;···, postLogoutRedirectUri: &quot;http://localhost:5178/login&quot;)" computerName="xiaoshu" duration="00:00:00.0000281" startTime="2026-07-17T15:57:06.2837660+08:00" endTime="2026-07-17T15:57:06.2838730+08:00" testType="13cdc9d9-ddb5-4fa4-a97d-d965ccfc6d4b" outcome="Passed" testListId="8c84fa94-04c1-424b-9868-57a2d4851a1d" relativeResultsDirectory="1582c955-2c36-4e8a-a556-a2272a76e936" />
    <UnitTestResult executionId="c08917e9-8a2e-44f8-ac1d-61d9d5446824" testId="dd2fd4e5-ed40-c2ff-ff74-ec1b61d9532f" testName="IIoT.CloudPlatform.ContractTests.GatewayAndEventContractTests.GatewayRouteCatalog_ShouldResolveConfiguredSurfacesAndRejectAliases(path: &quot;/api/v1/edge/device-logs&quot;, expectedSurface: &quot;edge&quot;, expectedRouteOrUpstream: &quot;edge&quot;, expectedBlocked: False)" computerName="xiaoshu" duration="00:00:00.0047212" startTime="2026-07-17T15:57:06.3109910+08:00" endTime="2026-07-17T15:57:06.3151160+08:00" testType="13cdc9d9-ddb5-4fa4-a97d-d965ccfc6d4b" outcome="Passed" testListId="8c84fa94-04c1-424b-9868-57a2d4851a1d" relativeResultsDirectory="c08917e9-8a2e-44f8-ac1d-61d9d5446824" />
    <UnitTestResult executionId="91dec796-ffda-4203-a4eb-47e6cdfddbf2" testId="9f0c2bb6-7612-7d0f-d113-365496cc8a54" testName="IIoT.CloudPlatform.ContractTests.CloudOidcProviderBehaviorTests.OidcProviderOptions_Validate_ShouldRejectInsecureOidcUris(environmentName: &quot;Production&quot;, issuer: &quot;https://cloud.example.com&quot;, redirectUri: &quot;http://127.0.0.1:5178/api/identity/cloud-oidc/call&quot;···, postLogoutRedirectUri: &quot;https://ai.example.com/login&quot;)" computerName="xiaoshu" duration="00:00:00.0000093" startTime="2026-07-17T15:57:06.2842800+08:00" endTime="2026-07-17T15:57:06.2843040+08:00" testType="13cdc9d9-ddb5-4fa4-a97d-d965ccfc6d4b" outcome="Passed" testListId="8c84fa94-04c1-424b-9868-57a2d4851a1d" relativeResultsDirectory="91dec796-ffda-4203-a4eb-47e6cdfddbf2" />
    <UnitTestResult executionId="ca7c2aea-f62f-4824-97f6-cf70ad84ac05" testId="74ace5ca-a3ce-57ee-df0b-bfa8e10e761b" testName="IIoT.CloudPlatform.ContractTests.AiReadHttpContractTests.AiReadQueries_ShouldCarryExactlyOneAiReadAuthorizationContract" computerName="xiaoshu" duration="00:00:00.0282051" startTime="2026-07-17T15:57:06.2369280+08:00" endTime="2026-07-17T15:57:06.2871660+08:00" testType="13cdc9d9-ddb5-4fa4-a97d-d965ccfc6d4b" outcome="Passed" testListId="8c84fa94-04c1-424b-9868-57a2d4851a1d" relativeResultsDirectory="ca7c2aea-f62f-4824-97f6-cf70ad84ac05" />
    <UnitTestResult executionId="bbd6064f-cdbb-4c4f-b315-de18448cee14" testId="603ac566-22eb-e91d-7d87-5bf2363b5276" testName="IIoT.CloudPlatform.ContractTests.CloudOidcProviderBehaviorTests.OidcProviderOptions_Validate_ShouldRejectPublicHttpEvenWhenIntranetHttpOidcIsEnabled(issuer: &quot;http://10.98.90.154:81&quot;, redirectUri: &quot;http://1.1.1.1:82/api/identity/cloud-oidc/callback&quot;, postLogoutRedirectUri: &quot;http://10.98.90.154:82/login&quot;)" computerName="xiaoshu" duration="00:00:00.0000302" startTime="2026-07-17T15:57:06.2857750+08:00" endTime="2026-07-17T15:57:06.2857970+08:00" testType="13cdc9d9-ddb5-4fa4-a97d-d965ccfc6d4b" outcome="Passed" testListId="8c84fa94-04c1-424b-9868-57a2d4851a1d" relativeResultsDirectory="bbd6064f-cdbb-4c4f-b315-de18448cee14" />
    <UnitTestResult executionId="6b742d2f-8c82-4a32-a371-3062f49cd514" testId="58e99901-3a04-a335-595a-e676bc3e95f2" testName="IIoT.CloudPlatform.ContractTests.InfrastructureContractTests.OutboxMessage_ShouldRoundTripIntegrationEvents" computerName="xiaoshu" duration="00:00:00.0512282" startTime="2026-07-17T15:57:06.2370420+08:00" endTime="2026-07-17T15:57:06.2902470+08:00" testType="13cdc9d9-ddb5-4fa4-a97d-d965ccfc6d4b" outcome="Passed" testListId="8c84fa94-04c1-424b-9868-57a2d4851a1d" relativeResultsDirectory="6b742d2f-8c82-4a32-a371-3062f49cd514" />
    <UnitTestResult executionId="3935813e-23d1-42d2-a524-680f80ad0ee5" testId="44e0edfa-e8e6-4863-6988-40fb359e375a" testName="IIoT.CloudPlatform.ContractTests.HttpControllerContractTests.EdgeUploadActions_ShouldExposeExactLimitsAndDedicatedPolicies(controller: typeof(IIoT.HttpApi.Controllers.EdgePassStationController), methodName: &quot;ReceiveBatch&quot;, route: &quot;{typeKey}/batch&quot;, ratePolicy: &quot;pass-station-upload&quot;)" computerName="xiaoshu" duration="00:00:00.0026137" startTime="2026-07-17T15:57:06.2874990+08:00" endTime="2026-07-17T15:57:06.2875220+08:00" testType="13cdc9d9-ddb5-4fa4-a97d-d965ccfc6d4b" outcome="Passed" testListId="8c84fa94-04c1-424b-9868-57a2d4851a1d" relativeResultsDirectory="3935813e-23d1-42d2-a524-680f80ad0ee5" />
    <UnitTestResult executionId="e1f5e047-5d5c-467b-b1ab-97965106908e" testId="d33ecd52-e0b2-d91b-2018-4931411bb278" testName="IIoT.CloudPlatform.ContractTests.CloudOidcProviderBehaviorTests.OidcProviderOptions_Validate_ShouldAllowExplicitIntranetHttpOidc(issuer: &quot;http://172.16.0.10:81&quot;, redirectUri: &quot;http://172.31.255.11:82/api/identity/cloud-oidc/ca&quot;···, postLogoutRedirectUri: &quot;http://172.31.255.11:82/login&quot;)" computerName="xiaoshu" duration="00:00:00.0000971" startTime="2026-07-17T15:57:06.2603310+08:00" endTime="2026-07-17T15:57:06.2603950+08:00" testType="13cdc9d9-ddb5-4fa4-a97d-d965ccfc6d4b" outcome="Passed" testListId="8c84fa94-04c1-424b-9868-57a2d4851a1d" relativeResultsDirectory="e1f5e047-5d5c-467b-b1ab-97965106908e" />
    <UnitTestResult executionId="675f54e8-0160-413a-b902-b3889419cd0a" testId="c888d8db-8331-0f07-f4bd-d60fbc271902" testName="IIoT.CloudPlatform.ContractTests.CloudOidcProviderBehaviorTests.OidcProviderOptions_GetEffectiveSessionCookieName_ShouldKeepHostPrefixWhenHttpsMode" computerName="xiaoshu" duration="00:00:00.0083270" startTime="2026-07-17T15:57:06.2370620+08:00" endTime="2026-07-17T15:57:06.2498670+08:00" testType="13cdc9d9-ddb5-4fa4-a97d-d965ccfc6d4b" outcome="Passed" testListId="8c84fa94-04c1-424b-9868-57a2d4851a1d" relativeResultsDirectory="675f54e8-0160-413a-b902-b3889419cd0a" />
    <UnitTestResult executionId="79fee005-4d92-4f4c-91e7-9dadd37ee8af" testId="690cdd0e-acb0-047f-44a3-3b202ce51d48" testName="IIoT.CloudPlatform.ContractTests.GatewayAndEventContractTests.OutboxIdentityAndInboxDefaults_ShouldFailClosedAndUsePostgresRetention" computerName="xiaoshu" duration="00:00:00.0091015" startTime="2026-07-17T15:57:06.3155680+08:00" endTime="2026-07-17T15:57:06.3245850+08:00" testType="13cdc9d9-ddb5-4fa4-a97d-d965ccfc6d4b" outcome="Passed" testListId="8c84fa94-04c1-424b-9868-57a2d4851a1d" relativeResultsDirectory="79fee005-4d92-4f4c-91e7-9dadd37ee8af" />
    <UnitTestResult executionId="4f62af03-7f7a-41e3-85ec-e95a022e96a9" testId="75cd9d6d-70e4-287f-d065-7b2bc65f2842" testName="IIoT.CloudPlatform.ContractTests.CloudOidcProviderBehaviorTests.OidcProviderOptions_Validate_ShouldRejectPublicHttpEvenWhenIntranetHttpOidcIsEnabled(issuer: &quot;http://10.98.90.154:81&quot;, redirectUri: &quot;http://10.98.90.154:82/api/identity/cloud-oidc/cal&quot;···, postLogoutRedirectUri: &quot;http://ai.example.com/login&quot;)" computerName="xiaoshu" duration="00:00:00.0002618" startTime="2026-07-17T15:57:06.2854560+08:00" endTime="2026-07-17T15:57:06.2854820+08:00" testType="13cdc9d9-ddb5-4fa4-a97d-d965ccfc6d4b" outcome="Passed" testListId="8c84fa94-04c1-424b-9868-57a2d4851a1d" relativeResultsDirectory="4f62af03-7f7a-41e3-85ec-e95a022e96a9" />
    <UnitTestResult executionId="e19c3ed0-0afb-4c0f-be95-e0a6799cbb2d" testId="3c9e1de7-9f1e-c90f-46d2-5b216b0b0760" testName="IIoT.CloudPlatform.ContractTests.HttpControllerContractTests.CurrentUser_ShouldPreserveEveryDistinctRoleAndExposeNoSingleRoleShortcut" computerName="xiaoshu" duration="00:00:00.0212273" startTime="2026-07-17T15:57:06.2370520+08:00" endTime="2026-07-17T15:57:06.2859120+08:00" testType="13cdc9d9-ddb5-4fa4-a97d-d965ccfc6d4b" outcome="Passed" testListId="8c84fa94-04c1-424b-9868-57a2d4851a1d" relativeResultsDirectory="e19c3ed0-0afb-4c0f-be95-e0a6799cbb2d" />
    <UnitTestResult executionId="e008e862-2fc5-4082-9bec-5b790ccde3ca" testId="72fc79bf-c770-3c6a-d390-1a4bab37cefc" testName="IIoT.CloudPlatform.ContractTests.CloudOidcProviderBehaviorTests.OidcProviderOptions_Validate_ShouldRejectPublicHttpEvenWhenIntranetHttpOidcIsEnabled(issuer: &quot;http://10.98.90.154:81&quot;, redirectUri: &quot;http://10.98.90.154:82/api/identity/cloud-oidc/cal&quot;···, postLogoutRedirectUri: &quot;http://203.0.113.10:82/login&quot;)" computerName="xiaoshu" duration="00:00:00.0000260" startTime="2026-07-17T15:57:06.2856540+08:00" endTime="2026-07-17T15:57:06.2856760+08:00" testType="13cdc9d9-ddb5-4fa4-a97d-d965ccfc6d4b" outcome="Passed" testListId="8c84fa94-04c1-424b-9868-57a2d4851a1d" relativeResultsDirectory="e008e862-2fc5-4082-9bec-5b790ccde3ca" />
    <UnitTestResult executionId="32ec7b23-597a-494d-b94a-9e8e09ad2c70" testId="6fe1f6d0-b18b-6216-eed1-8406900dfd99" testName="IIoT.CloudPlatform.ContractTests.CloudOidcProviderBehaviorTests.OidcProviderOptions_Validate_ShouldRejectPublicHttpEvenWhenIntranetHttpOidcIsEnabled(issuer: &quot;http://cloud.example.com&quot;, redirectUri: &quot;http://10.98.90.154:82/api/identity/cloud-oidc/cal&quot;···, postLogoutRedirectUri: &quot;http://10.98.90.154:82/login&quot;)" computerName="xiaoshu" duration="00:00:00.0002179" startTime="2026-07-17T15:57:06.2855300+08:00" endTime="2026-07-17T15:57:06.2855520+08:00" testType="13cdc9d9-ddb5-4fa4-a97d-d965ccfc6d4b" outcome="Passed" testListId="8c84fa94-04c1-424b-9868-57a2d4851a1d" relativeResultsDirectory="32ec7b23-597a-494d-b94a-9e8e09ad2c70" />
    <UnitTestResult executionId="62c00609-e00a-4841-9774-bfb97d06655c" testId="48f7a108-a423-4fca-6b1b-a88149991174" testName="IIoT.CloudPlatform.ContractTests.CloudOidcProviderBehaviorTests.OidcProviderOptions_Validate_ShouldAllowDevelopmentLoopbackHttp(issuer: &quot;http://127.0.0.1:8080&quot;, redirectUri: &quot;http://127.0.0.1:5178/api/identity/cloud-oidc/call&quot;···, postLogoutRedirectUri: &quot;http://127.0.0.1:5178/login&quot;)" computerName="xiaoshu" duration="00:00:00.0001675" startTime="2026-07-17T15:57:06.2844900+08:00" endTime="2026-07-17T15:57:06.2845120+08:00" testType="13cdc9d9-ddb5-4fa4-a97d-d965ccfc6d4b" outcome="Passed" testListId="8c84fa94-04c1-424b-9868-57a2d4851a1d" relativeResultsDirectory="62c00609-e00a-4841-9774-bfb97d06655c" />
    <UnitTestResult executionId="0a2552c6-021e-4814-aba9-8513ed6a9d7f" testId="187c5b58-a80d-e039-09b3-6390980bc7a6" testName="IIoT.CloudPlatform.ContractTests.CloudOidcProviderBehaviorTests.OidcProviderOptions_Validate_ShouldRequireStableIssuerAndRedirectUri" computerName="xiaoshu" duration="00:00:00.0010250" startTime="2026-07-17T15:57:06.2592270+08:00" endTime="2026-07-17T15:57:06.2593410+08:00" testType="13cdc9d9-ddb5-4fa4-a97d-d965ccfc6d4b" outcome="Passed" testListId="8c84fa94-04c1-424b-9868-57a2d4851a1d" relativeResultsDirectory="0a2552c6-021e-4814-aba9-8513ed6a9d7f" />
    <UnitTestResult executionId="8bddb30e-8de6-4214-8bc7-a254976945be" testId="3509b0cc-5872-95c8-2c63-34429fb495bc" testName="IIoT.CloudPlatform.ContractTests.GatewayAndEventContractTests.OutboxDispatcherRegistration_TestOnlyDisableKeepsProductionFailClosed" computerName="xiaoshu" duration="00:00:00.0114542" startTime="2026-07-17T15:57:06.3443320+08:00" endTime="2026-07-17T15:57:06.3556020+08:00" testType="13cdc9d9-ddb5-4fa4-a97d-d965ccfc6d4b" outcome="Passed" testListId="8c84fa94-04c1-424b-9868-57a2d4851a1d" relativeResultsDirectory="8bddb30e-8de6-4214-8bc7-a254976945be" />
    <UnitTestResult executionId="20d17b29-a5c5-4aee-a80b-7ee66ff2fd58" testId="12740674-82c8-bf73-aed3-eb44dc1f704e" testName="IIoT.CloudPlatform.ContractTests.CloudOidcProviderBehaviorTests.OidcProviderOptions_Validate_ShouldRejectInsecureOidcUris(environmentName: &quot;Development&quot;, issuer: &quot;http://cloud.example.com&quot;, redirectUri: &quot;http://127.0.0.1:5178/api/identity/cloud-oidc/call&quot;···, postLogoutRedirectUri: &quot;http://127.0.0.1:5178/login&quot;)" computerName="xiaoshu" duration="00:00:00.0000094" startTime="2026-07-17T15:57:06.2843460+08:00" endTime="2026-07-17T15:57:06.2843690+08:00" testType="13cdc9d9-ddb5-4fa4-a97d-d965ccfc6d4b" outcome="Passed" testListId="8c84fa94-04c1-424b-9868-57a2d4851a1d" relativeResultsDirectory="20d17b29-a5c5-4aee-a80b-7ee66ff2fd58" />
    <UnitTestResult executionId="5fd4211f-9eff-4c28-8786-e6ad3e8463ca" testId="1203f927-6cdd-31a7-368c-f693f83e3d65" testName="IIoT.CloudPlatform.ContractTests.GatewayAndEventContractTests.HourlyCapacityConsumer_ShouldRejectUnsupportedSchemaBeforeDispatch" computerName="xiaoshu" duration="00:00:00.0079472" startTime="2026-07-17T15:57:06.3247160+08:00" endTime="2026-07-17T15:57:06.3325830+08:00" testType="13cdc9d9-ddb5-4fa4-a97d-d965ccfc6d4b" outcome="Passed" testListId="8c84fa94-04c1-424b-9868-57a2d4851a1d" relativeResultsDirectory="5fd4211f-9eff-4c28-8786-e6ad3e8463ca" />
    <UnitTestResult executionId="98a0ad7f-6747-4e64-8d80-518e512b7936" testId="3af01a4a-b644-a82e-cbcb-efea2b0b34dd" testName="IIoT.CloudPlatform.ContractTests.CloudOidcProviderBehaviorTests.OidcProviderOptions_Validate_ShouldRejectPublicHttpEvenWhenIntranetHttpOidcIsEnabled(issuer: &quot;http://8.8.8.8:81&quot;, redirectUri: &quot;http://10.98.90.154:82/api/identity/cloud-oidc/cal&quot;···, postLogoutRedirectUri: &quot;http://10.98.90.154:82/login&quot;)" computerName="xiaoshu" duration="00:00:00.0000358" startTime="2026-07-17T15:57:06.2855930+08:00" endTime="2026-07-17T15:57:06.2856160+08:00" testType="13cdc9d9-ddb5-4fa4-a97d-d965ccfc6d4b" outcome="Passed" testListId="8c84fa94-04c1-424b-9868-57a2d4851a1d" relativeResultsDirectory="98a0ad7f-6747-4e64-8d80-518e512b7936" />
    <UnitTestResult executionId="c7a59da0-5eb4-440a-bfde-b29af36671f4" testId="11e09114-9764-220d-cbbe-8105fa08e375" testName="IIoT.CloudPlatform.ContractTests.AiReadHttpContractTests.AiReadProductionRecordDto_ShouldExposeStructuredFieldsWithoutRawPayloadColumn" computerName="xiaoshu" duration="00:00:00.0009805" startTime="2026-07-17T15:57:06.2872500+08:00" endTime="2026-07-17T15:57:06.2872780+08:00" testType="13cdc9d9-ddb5-4fa4-a97d-d965ccfc6d4b" outcome="Passed" testListId="8c84fa94-04c1-424b-9868-57a2d4851a1d" relativeResultsDirectory="c7a59da0-5eb4-440a-bfde-b29af36671f4" />
    <UnitTestResult executionId="d7383598-d796-48ce-b706-64a8941db38f" testId="65607550-efb4-5716-4c46-4eb07a78b100" testName="IIoT.CloudPlatform.ContractTests.GatewayAndEventContractTests.DeviceLogConsumer_ShouldRejectUnsupportedSchemaBeforeDispatch" computerName="xiaoshu" duration="00:00:00.0074259" startTime="2026-07-17T15:57:06.3367160+08:00" endTime="2026-07-17T15:57:06.3441110+08:00" testType="13cdc9d9-ddb5-4fa4-a97d-d965ccfc6d4b" outcome="Passed" testListId="8c84fa94-04c1-424b-9868-57a2d4851a1d" relativeResultsDirectory="d7383598-d796-48ce-b706-64a8941db38f" />
    <UnitTestResult executionId="b04eb5f1-82d1-44ee-b34c-fc29edf6896e" testId="a458c86d-a4e8-f362-b75e-89a522b97a61" testName="IIoT.CloudPlatform.ContractTests.HttpControllerContractTests.EdgeUploadActions_ShouldExposeExactLimitsAndDedicatedPolicies(controller: typeof(IIoT.HttpApi.Controllers.EdgeCapacityController), methodName: &quot;ReceiveHourly&quot;, route: &quot;hourly&quot;, ratePolicy: &quot;capacity-upload&quot;)" computerName="xiaoshu" duration="00:00:00.0003252" startTime="2026-07-17T15:57:06.2876250+08:00" endTime="2026-07-17T15:57:06.2880650+08:00" testType="13cdc9d9-ddb5-4fa4-a97d-d965ccfc6d4b" outcome="Passed" testListId="8c84fa94-04c1-424b-9868-57a2d4851a1d" relativeResultsDirectory="b04eb5f1-82d1-44ee-b34c-fc29edf6896e" />
  </Results>
  <TestDefinitions>
    <UnitTest name="IIoT.CloudPlatform.ContractTests.CloudOidcProviderBehaviorTests.OidcProviderOptions_Validate_ShouldAllowExplicitIntranetHttpOidc(issuer: &quot;http://10.98.90.154:81&quot;, redirectUri: &quot;http://10.98.90.154:82/api/identity/cloud-oidc/cal&quot;···, postLogoutRedirectUri: &quot;http://10.98.90.154:82/login&quot;)" storage="/users/shushu/developer/产线系统架构升级/1/.codex-worktrees/cloud-cache-001/src/tests/iiot.cloudplatform.contracttests/bin/release/net10.0/iiot.cloudplatform.contracttests.dll" id="e84e36df-7bf6-d56b-d388-7f43b077fb27">
      <Execution id="7d6d500e-19fc-41d2-8fd6-7418174ad400" />
      <TestMethod codeBase="/Users/shushu/Developer/产线系统架构升级/1/.codex-worktrees/cloud-cache-001/src/tests/IIoT.CloudPlatform.ContractTests/bin/Release/net10.0/IIoT.CloudPlatform.ContractTests.dll" adapterTypeName="executor://xunit/VsTestRunner3/netcore/" className="IIoT.CloudPlatform.ContractTests.CloudOidcProviderBehaviorTests" name="OidcProviderOptions_Validate_ShouldAllowExplicitIntranetHttpOidc" />
    </UnitTest>
    <UnitTest name="IIoT.CloudPlatform.ContractTests.CloudOidcProviderBehaviorTests.OidcProviderOptions_Validate_ShouldRejectPublicHttpEvenWhenIntranetHttpOidcIsEnabled(issuer: &quot;http://10.98.90.154:81&quot;, redirectUri: &quot;http://1.1.1.1:82/api/identity/cloud-oidc/callback&quot;, postLogoutRedirectUri: &quot;http://10.98.90.154:82/login&quot;)" storage="/users/shushu/developer/产线系统架构升级/1/.codex-worktrees/cloud-cache-001/src/tests/iiot.cloudplatform.contracttests/bin/release/net10.0/iiot.cloudplatform.contracttests.dll" id="603ac566-22eb-e91d-7d87-5bf2363b5276">
      <Execution id="bbd6064f-cdbb-4c4f-b315-de18448cee14" />
      <TestMethod codeBase="/Users/shushu/Developer/产线系统架构升级/1/.codex-worktrees/cloud-cache-001/src/tests/IIoT.CloudPlatform.ContractTests/bin/Release/net10.0/IIoT.CloudPlatform.ContractTests.dll" adapterTypeName="executor://xunit/VsTestRunner3/netcore/" className="IIoT.CloudPlatform.ContractTests.CloudOidcProviderBehaviorTests" name="OidcProviderOptions_Validate_ShouldRejectPublicHttpEvenWhenIntranetHttpOidcIsEnabled" />
    </UnitTest>
    <UnitTest name="IIoT.CloudPlatform.ContractTests.CloudOidcProviderBehaviorTests.OidcProviderOptions_Validate_ShouldRequireStableIssuerAndRedirectUri" storage="/users/shushu/developer/产线系统架构升级/1/.codex-worktrees/cloud-cache-001/src/tests/iiot.cloudplatform.contracttests/bin/release/net10.0/iiot.cloudplatform.contracttests.dll" id="187c5b58-a80d-e039-09b3-6390980bc7a6">
      <Execution id="0a2552c6-021e-4814-aba9-8513ed6a9d7f" />
      <TestMethod codeBase="/Users/shushu/Developer/产线系统架构升级/1/.codex-worktrees/cloud-cache-001/src/tests/IIoT.CloudPlatform.ContractTests/bin/Release/net10.0/IIoT.CloudPlatform.ContractTests.dll" adapterTypeName="executor://xunit/VsTestRunner3/netcore/" className="IIoT.CloudPlatform.ContractTests.CloudOidcProviderBehaviorTests" name="OidcProviderOptions_Validate_ShouldRequireStableIssuerAndRedirectUri" />
    </UnitTest>
    <UnitTest name="IIoT.CloudPlatform.ContractTests.HttpControllerContractTests.ControllerRoutes_ShouldBelongToAnApprovedHttpSurface" storage="/users/shushu/developer/产线系统架构升级/1/.codex-worktrees/cloud-cache-001/src/tests/iiot.cloudplatform.contracttests/bin/release/net10.0/iiot.cloudplatform.contracttests.dll" id="bec2b521-5d68-3a88-3727-f0eed7ba813a">
      <Execution id="45e83433-c04d-434d-be77-353b3a3ce765" />
      <TestMethod codeBase="/Users/shushu/Developer/产线系统架构升级/1/.codex-worktrees/cloud-cache-001/src/tests/IIoT.CloudPlatform.ContractTests/bin/Release/net10.0/IIoT.CloudPlatform.ContractTests.dll" adapterTypeName="executor://xunit/VsTestRunner3/netcore/" className="IIoT.CloudPlatform.ContractTests.HttpControllerContractTests" name="ControllerRoutes_ShouldBelongToAnApprovedHttpSurface" />
    </UnitTest>
    <UnitTest name="IIoT.CloudPlatform.ContractTests.CloudOidcProviderBehaviorTests.OidcProviderOptions_Validate_ShouldRejectInsecureOidcUris(environmentName: &quot;Development&quot;, issuer: &quot;http://cloud.example.com&quot;, redirectUri: &quot;http://127.0.0.1:5178/api/identity/cloud-oidc/call&quot;···, postLogoutRedirectUri: &quot;http://127.0.0.1:5178/login&quot;)" storage="/users/shushu/developer/产线系统架构升级/1/.codex-worktrees/cloud-cache-001/src/tests/iiot.cloudplatform.contracttests/bin/release/net10.0/iiot.cloudplatform.contracttests.dll" id="12740674-82c8-bf73-aed3-eb44dc1f704e">
      <Execution id="20d17b29-a5c5-4aee-a80b-7ee66ff2fd58" />
      <TestMethod codeBase="/Users/shushu/Developer/产线系统架构升级/1/.codex-worktrees/cloud-cache-001/src/tests/IIoT.CloudPlatform.ContractTests/bin/Release/net10.0/IIoT.CloudPlatform.ContractTests.dll" adapterTypeName="executor://xunit/VsTestRunner3/netcore/" className="IIoT.CloudPlatform.ContractTests.CloudOidcProviderBehaviorTests" name="OidcProviderOptions_Validate_ShouldRejectInsecureOidcUris" />
    </UnitTest>
    <UnitTest name="IIoT.CloudPlatform.ContractTests.CloudOidcProviderBehaviorTests.OidcProviderOptions_GetEffectiveSessionCookieName_ShouldKeepHostPrefixWhenHttpsMode" storage="/users/shushu/developer/产线系统架构升级/1/.codex-worktrees/cloud-cache-001/src/tests/iiot.cloudplatform.contracttests/bin/release/net10.0/iiot.cloudplatform.contracttests.dll" id="c888d8db-8331-0f07-f4bd-d60fbc271902">
      <Execution id="675f54e8-0160-413a-b902-b3889419cd0a" />
      <TestMethod codeBase="/Users/shushu/Developer/产线系统架构升级/1/.codex-worktrees/cloud-cache-001/src/tests/IIoT.CloudPlatform.ContractTests/bin/Release/net10.0/IIoT.CloudPlatform.ContractTests.dll" adapterTypeName="executor://xunit/VsTestRunner3/netcore/" className="IIoT.CloudPlatform.ContractTests.CloudOidcProviderBehaviorTests" name="OidcProviderOptions_GetEffectiveSessionCookieName_ShouldKeepHostPrefixWhenHttpsMode" />
    </UnitTest>
    <UnitTest name="IIoT.CloudPlatform.ContractTests.GatewayAndEventContractTests.OutboxIdentityAndInboxDefaults_ShouldFailClosedAndUsePostgresRetention" storage="/users/shushu/developer/产线系统架构升级/1/.codex-worktrees/cloud-cache-001/src/tests/iiot.cloudplatform.contracttests/bin/release/net10.0/iiot.cloudplatform.contracttests.dll" id="690cdd0e-acb0-047f-44a3-3b202ce51d48">
      <Execution id="79fee005-4d92-4f4c-91e7-9dadd37ee8af" />
      <TestMethod codeBase="/Users/shushu/Developer/产线系统架构升级/1/.codex-worktrees/cloud-cache-001/src/tests/IIoT.CloudPlatform.ContractTests/bin/Release/net10.0/IIoT.CloudPlatform.ContractTests.dll" adapterTypeName="executor://xunit/VsTestRunner3/netcore/" className="IIoT.CloudPlatform.ContractTests.GatewayAndEventContractTests" name="OutboxIdentityAndInboxDefaults_ShouldFailClosedAndUsePostgresRetention" />
    </UnitTest>
    <UnitTest name="IIoT.CloudPlatform.ContractTests.GatewayAndEventContractTests.GatewayRouteCatalog_ShouldResolveConfiguredSurfacesAndRejectAliases(path: &quot;/api/v1/edge/bootstrap/device-instance&quot;, expectedSurface: &quot;blocked-bootstrap-alias&quot;, expectedRouteOrUpstream: &quot;blocked&quot;, expectedBlocked: True)" storage="/users/shushu/developer/产线系统架构升级/1/.codex-worktrees/cloud-cache-001/src/tests/iiot.cloudplatform.contracttests/bin/release/net10.0/iiot.cloudplatform.contracttests.dll" id="5bb4b35a-10be-b7d1-5279-80fc97a36f56">
      <Execution id="6c982f59-9a6c-4cb3-946f-3ac7c2c1ea2b" />
      <TestMethod codeBase="/Users/shushu/Developer/产线系统架构升级/1/.codex-worktrees/cloud-cache-001/src/tests/IIoT.CloudPlatform.ContractTests/bin/Release/net10.0/IIoT.CloudPlatform.ContractTests.dll" adapterTypeName="executor://xunit/VsTestRunner3/netcore/" className="IIoT.CloudPlatform.ContractTests.GatewayAndEventContractTests" name="GatewayRouteCatalog_ShouldResolveConfiguredSurfacesAndRejectAliases" />
    </UnitTest>
    <UnitTest name="IIoT.CloudPlatform.ContractTests.CloudOidcProviderBehaviorTests.CloudIdentityStatusQuery_ShouldRequireAiReadIdentityStatusPermission" storage="/users/shushu/developer/产线系统架构升级/1/.codex-worktrees/cloud-cache-001/src/tests/iiot.cloudplatform.contracttests/bin/release/net10.0/iiot.cloudplatform.contracttests.dll" id="bf675e40-8e0e-8163-d20b-f3ce572258e9">
      <Execution id="efe78183-56e5-41c3-b9ab-9fb2c60f8fd6" />
      <TestMethod codeBase="/Users/shushu/Developer/产线系统架构升级/1/.codex-worktrees/cloud-cache-001/src/tests/IIoT.CloudPlatform.ContractTests/bin/Release/net10.0/IIoT.CloudPlatform.ContractTests.dll" adapterTypeName="executor://xunit/VsTestRunner3/netcore/" className="IIoT.CloudPlatform.ContractTests.CloudOidcProviderBehaviorTests" name="CloudIdentityStatusQuery_ShouldRequireAiReadIdentityStatusPermission" />
    </UnitTest>
    <UnitTest name="IIoT.CloudPlatform.ContractTests.CloudOidcProviderBehaviorTests.OidcProviderOptions_Validate_ShouldAllowDevelopmentLoopbackHttp(issuer: &quot;http://localhost:8080&quot;, redirectUri: &quot;http://localhost:5178/api/identity/cloud-oidc/call&quot;···, postLogoutRedirectUri: &quot;http://localhost:5178/login&quot;)" storage="/users/shushu/developer/产线系统架构升级/1/.codex-worktrees/cloud-cache-001/src/tests/iiot.cloudplatform.contracttests/bin/release/net10.0/iiot.cloudplatform.contracttests.dll" id="45b083e8-a739-a0cd-b06f-6302e3854303">
      <Execution id="cc49a36b-956a-4415-9f8e-23ccf2e7b630" />
      <TestMethod codeBase="/Users/shushu/Developer/产线系统架构升级/1/.codex-worktrees/cloud-cache-001/src/tests/IIoT.CloudPlatform.ContractTests/bin/Release/net10.0/IIoT.CloudPlatform.ContractTests.dll" adapterTypeName="executor://xunit/VsTestRunner3/netcore/" className="IIoT.CloudPlatform.ContractTests.CloudOidcProviderBehaviorTests" name="OidcProviderOptions_Validate_ShouldAllowDevelopmentLoopbackHttp" />
    </UnitTest>
    <UnitTest name="IIoT.CloudPlatform.ContractTests.CloudOidcProviderBehaviorTests.OidcProviderOptions_Validate_ShouldRejectInsecureOidcUris(environmentName: &quot;Production&quot;, issuer: &quot;http://localhost:8080&quot;, redirectUri: &quot;https://ai.example.com/api/identity/cloud-oidc/cal&quot;···, postLogoutRedirectUri: &quot;https://ai.example.com/login&quot;)" storage="/users/shushu/developer/产线系统架构升级/1/.codex-worktrees/cloud-cache-001/src/tests/iiot.cloudplatform.contracttests/bin/release/net10.0/iiot.cloudplatform.contracttests.dll" id="3bbb395c-40b6-1982-d525-6676854d0ccd">
      <Execution id="14b747fc-5d1d-4d0d-8f62-c3469b077f76" />
      <TestMethod codeBase="/Users/shushu/Developer/产线系统架构升级/1/.codex-worktrees/cloud-cache-001/src/tests/IIoT.CloudPlatform.ContractTests/bin/Release/net10.0/IIoT.CloudPlatform.ContractTests.dll" adapterTypeName="executor://xunit/VsTestRunner3/netcore/" className="IIoT.CloudPlatform.ContractTests.CloudOidcProviderBehaviorTests" name="OidcProviderOptions_Validate_ShouldRejectInsecureOidcUris" />
    </UnitTest>
    <UnitTest name="IIoT.CloudPlatform.ContractTests.GatewayAndEventContractTests.GatewayRouteCatalog_ShouldResolveConfiguredSurfacesAndRejectAliases(path: &quot;/api/v1/human/devices&quot;, expectedSurface: &quot;human&quot;, expectedRouteOrUpstream: &quot;human&quot;, expectedBlocked: False)" storage="/users/shushu/developer/产线系统架构升级/1/.codex-worktrees/cloud-cache-001/src/tests/iiot.cloudplatform.contracttests/bin/release/net10.0/iiot.cloudplatform.contracttests.dll" id="a74449c5-3057-1b35-1a64-42ff67e81648">
      <Execution id="38ae38a2-3d5a-4733-a70c-fc736785f554" />
      <TestMethod codeBase="/Users/shushu/Developer/产线系统架构升级/1/.codex-worktrees/cloud-cache-001/src/tests/IIoT.CloudPlatform.ContractTests/bin/Release/net10.0/IIoT.CloudPlatform.ContractTests.dll" adapterTypeName="executor://xunit/VsTestRunner3/netcore/" className="IIoT.CloudPlatform.ContractTests.GatewayAndEventContractTests" name="GatewayRouteCatalog_ShouldResolveConfiguredSurfacesAndRejectAliases" />
    </UnitTest>
    <UnitTest name="IIoT.CloudPlatform.ContractTests.AiReadHttpContractTests.AiReadQueries_ShouldCarryExactlyOneAiReadAuthorizationContract" storage="/users/shushu/developer/产线系统架构升级/1/.codex-worktrees/cloud-cache-001/src/tests/iiot.cloudplatform.contracttests/bin/release/net10.0/iiot.cloudplatform.contracttests.dll" id="74ace5ca-a3ce-57ee-df0b-bfa8e10e761b">
      <Execution id="ca7c2aea-f62f-4824-97f6-cf70ad84ac05" />
      <TestMethod codeBase="/Users/shushu/Developer/产线系统架构升级/1/.codex-worktrees/cloud-cache-001/src/tests/IIoT.CloudPlatform.ContractTests/bin/Release/net10.0/IIoT.CloudPlatform.ContractTests.dll" adapterTypeName="executor://xunit/VsTestRunner3/netcore/" className="IIoT.CloudPlatform.ContractTests.AiReadHttpContractTests" name="AiReadQueries_ShouldCarryExactlyOneAiReadAuthorizationContract" />
    </UnitTest>
    <UnitTest name="IIoT.CloudPlatform.ContractTests.HttpControllerContractTests.BootstrapLookup_ShouldExposeExactQueryHeaderRouteAndRatePolicy" storage="/users/shushu/developer/产线系统架构升级/1/.codex-worktrees/cloud-cache-001/src/tests/iiot.cloudplatform.contracttests/bin/release/net10.0/iiot.cloudplatform.contracttests.dll" id="d1b3014e-f548-5805-5496-e02ae4dac56f">
      <Execution id="b1616fe7-36ce-443c-92b9-0d0721bd3c47" />
      <TestMethod codeBase="/Users/shushu/Developer/产线系统架构升级/1/.codex-worktrees/cloud-cache-001/src/tests/IIoT.CloudPlatform.ContractTests/bin/Release/net10.0/IIoT.CloudPlatform.ContractTests.dll" adapterTypeName="executor://xunit/VsTestRunner3/netcore/" className="IIoT.CloudPlatform.ContractTests.HttpControllerContractTests" name="BootstrapLookup_ShouldExposeExactQueryHeaderRouteAndRatePolicy" />
    </UnitTest>
    <UnitTest name="IIoT.CloudPlatform.ContractTests.GatewayAndEventContractTests.DeviceLogConsumer_ShouldRejectUnsupportedSchemaBeforeDispatch" storage="/users/shushu/developer/产线系统架构升级/1/.codex-worktrees/cloud-cache-001/src/tests/iiot.cloudplatform.contracttests/bin/release/net10.0/iiot.cloudplatform.contracttests.dll" id="65607550-efb4-5716-4c46-4eb07a78b100">
      <Execution id="d7383598-d796-48ce-b706-64a8941db38f" />
      <TestMethod codeBase="/Users/shushu/Developer/产线系统架构升级/1/.codex-worktrees/cloud-cache-001/src/tests/IIoT.CloudPlatform.ContractTests/bin/Release/net10.0/IIoT.CloudPlatform.ContractTests.dll" adapterTypeName="executor://xunit/VsTestRunner3/netcore/" className="IIoT.CloudPlatform.ContractTests.GatewayAndEventContractTests" name="DeviceLogConsumer_ShouldRejectUnsupportedSchemaBeforeDispatch" />
    </UnitTest>
    <UnitTest name="IIoT.CloudPlatform.ContractTests.ProductionContractShapeTests.EventContracts_ShouldDefaultMissingSchemaVersionToV1" storage="/users/shushu/developer/产线系统架构升级/1/.codex-worktrees/cloud-cache-001/src/tests/iiot.cloudplatform.contracttests/bin/release/net10.0/iiot.cloudplatform.contracttests.dll" id="1056be9a-8e2b-6fed-f55e-c95ee3a2937c">
      <Execution id="ff83c67b-6e13-44c5-9e38-15b4e564b0f5" />
      <TestMethod codeBase="/Users/shushu/Developer/产线系统架构升级/1/.codex-worktrees/cloud-cache-001/src/tests/IIoT.CloudPlatform.ContractTests/bin/Release/net10.0/IIoT.CloudPlatform.ContractTests.dll" adapterTypeName="executor://xunit/VsTestRunner3/netcore/" className="IIoT.CloudPlatform.ContractTests.ProductionContractShapeTests" name="EventContracts_ShouldDefaultMissingSchemaVersionToV1" />
    </UnitTest>
    <UnitTest name="IIoT.CloudPlatform.ContractTests.HttpControllerContractTests.EdgeUploadActions_ShouldExposeExactLimitsAndDedicatedPolicies(controller: typeof(IIoT.HttpApi.Controllers.EdgeDeviceLogController), methodName: &quot;Receive&quot;, route: null, ratePolicy: &quot;device-log-upload&quot;)" storage="/users/shushu/developer/产线系统架构升级/1/.codex-worktrees/cloud-cache-001/src/tests/iiot.cloudplatform.contracttests/bin/release/net10.0/iiot.cloudplatform.contracttests.dll" id="e53e4b5d-0359-6fec-123e-d2eda5411520">
      <Execution id="9d3bc9ea-e5a6-49b1-8654-d0cb2029d3ba" />
      <TestMethod codeBase="/Users/shushu/Developer/产线系统架构升级/1/.codex-worktrees/cloud-cache-001/src/tests/IIoT.CloudPlatform.ContractTests/bin/Release/net10.0/IIoT.CloudPlatform.ContractTests.dll" adapterTypeName="executor://xunit/VsTestRunner3/netcore/" className="IIoT.CloudPlatform.ContractTests.HttpControllerContractTests" name="EdgeUploadActions_ShouldExposeExactLimitsAndDedicatedPolicies" />
    </UnitTest>
    <UnitTest name="IIoT.CloudPlatform.ContractTests.CloudOidcProviderBehaviorTests.OidcProviderOptions_Validate_ShouldAllowExplicitIntranetHttpOidc(issuer: &quot;http://localhost:8080&quot;, redirectUri: &quot;http://localhost:5178/api/identity/cloud-oidc/call&quot;···, postLogoutRedirectUri: &quot;http://localhost:5178/login&quot;)" storage="/users/shushu/developer/产线系统架构升级/1/.codex-worktrees/cloud-cache-001/src/tests/iiot.cloudplatform.contracttests/bin/release/net10.0/iiot.cloudplatform.contracttests.dll" id="fa7265eb-06e7-0dad-1898-3a4d06b233e0">
      <Execution id="1582c955-2c36-4e8a-a556-a2272a76e936" />
      <TestMethod codeBase="/Users/shushu/Developer/产线系统架构升级/1/.codex-worktrees/cloud-cache-001/src/tests/IIoT.CloudPlatform.ContractTests/bin/Release/net10.0/IIoT.CloudPlatform.ContractTests.dll" adapterTypeName="executor://xunit/VsTestRunner3/netcore/" className="IIoT.CloudPlatform.ContractTests.CloudOidcProviderBehaviorTests" name="OidcProviderOptions_Validate_ShouldAllowExplicitIntranetHttpOidc" />
    </UnitTest>
    <UnitTest name="IIoT.CloudPlatform.ContractTests.CloudOidcProviderBehaviorTests.OidcProviderOptions_Validate_ShouldRejectPublicHttpEvenWhenIntranetHttpOidcIsEnabled(issuer: &quot;http://10.98.90.154:81&quot;, redirectUri: &quot;http://10.98.90.154:82/api/identity/cloud-oidc/cal&quot;···, postLogoutRedirectUri: &quot;http://203.0.113.10:82/login&quot;)" storage="/users/shushu/developer/产线系统架构升级/1/.codex-worktrees/cloud-cache-001/src/tests/iiot.cloudplatform.contracttests/bin/release/net10.0/iiot.cloudplatform.contracttests.dll" id="72fc79bf-c770-3c6a-d390-1a4bab37cefc">
      <Execution id="e008e862-2fc5-4082-9bec-5b790ccde3ca" />
      <TestMethod codeBase="/Users/shushu/Developer/产线系统架构升级/1/.codex-worktrees/cloud-cache-001/src/tests/IIoT.CloudPlatform.ContractTests/bin/Release/net10.0/IIoT.CloudPlatform.ContractTests.dll" adapterTypeName="executor://xunit/VsTestRunner3/netcore/" className="IIoT.CloudPlatform.ContractTests.CloudOidcProviderBehaviorTests" name="OidcProviderOptions_Validate_ShouldRejectPublicHttpEvenWhenIntranetHttpOidcIsEnabled" />
    </UnitTest>
    <UnitTest name="IIoT.CloudPlatform.ContractTests.GatewayAndEventContractTests.OutboxDispatcherRegistration_TestOnlyDisableKeepsProductionFailClosed" storage="/users/shushu/developer/产线系统架构升级/1/.codex-worktrees/cloud-cache-001/src/tests/iiot.cloudplatform.contracttests/bin/release/net10.0/iiot.cloudplatform.contracttests.dll" id="3509b0cc-5872-95c8-2c63-34429fb495bc">
      <Execution id="8bddb30e-8de6-4214-8bc7-a254976945be" />
      <TestMethod codeBase="/Users/shushu/Developer/产线系统架构升级/1/.codex-worktrees/cloud-cache-001/src/tests/IIoT.CloudPlatform.ContractTests/bin/Release/net10.0/IIoT.CloudPlatform.ContractTests.dll" adapterTypeName="executor://xunit/VsTestRunner3/netcore/" className="IIoT.CloudPlatform.ContractTests.GatewayAndEventContractTests" name="OutboxDispatcherRegistration_TestOnlyDisableKeepsProductionFailClosed" />
    </UnitTest>
    <UnitTest name="IIoT.CloudPlatform.ContractTests.CloudOidcProviderBehaviorTests.OidcProviderOptions_Validate_ShouldRejectPublicHttpEvenWhenIntranetHttpOidcIsEnabled(issuer: &quot;http://10.98.90.154:81&quot;, redirectUri: &quot;http://ai.example.com/api/identity/cloud-oidc/call&quot;···, postLogoutRedirectUri: &quot;http://10.98.90.154:82/login&quot;)" storage="/users/shushu/developer/产线系统架构升级/1/.codex-worktrees/cloud-cache-001/src/tests/iiot.cloudplatform.contracttests/bin/release/net10.0/iiot.cloudplatform.contracttests.dll" id="62e68e30-9d3d-4539-d804-47ed5ec94ac4">
      <Execution id="4db57151-ec36-4187-af43-2b82bb49cbcb" />
      <TestMethod codeBase="/Users/shushu/Developer/产线系统架构升级/1/.codex-worktrees/cloud-cache-001/src/tests/IIoT.CloudPlatform.ContractTests/bin/Release/net10.0/IIoT.CloudPlatform.ContractTests.dll" adapterTypeName="executor://xunit/VsTestRunner3/netcore/" className="IIoT.CloudPlatform.ContractTests.CloudOidcProviderBehaviorTests" name="OidcProviderOptions_Validate_ShouldRejectPublicHttpEvenWhenIntranetHttpOidcIsEnabled" />
    </UnitTest>
    <UnitTest name="IIoT.CloudPlatform.ContractTests.AiReadHttpContractTests.AiReadProductionRecords_ShouldExposeOnlyReadRouteAndProductionRecordPermission" storage="/users/shushu/developer/产线系统架构升级/1/.codex-worktrees/cloud-cache-001/src/tests/iiot.cloudplatform.contracttests/bin/release/net10.0/iiot.cloudplatform.contracttests.dll" id="17b7bed2-3ad1-f74d-3a7c-55c02efa217b">
      <Execution id="d87a899c-4001-4628-8b0a-c657ec6a1117" />
      <TestMethod codeBase="/Users/shushu/Developer/产线系统架构升级/1/.codex-worktrees/cloud-cache-001/src/tests/IIoT.CloudPlatform.ContractTests/bin/Release/net10.0/IIoT.CloudPlatform.ContractTests.dll" adapterTypeName="executor://xunit/VsTestRunner3/netcore/" className="IIoT.CloudPlatform.ContractTests.AiReadHttpContractTests" name="AiReadProductionRecords_ShouldExposeOnlyReadRouteAndProductionRecordPermission" />
    </UnitTest>
    <UnitTest name="IIoT.CloudPlatform.ContractTests.CloudOidcProviderBehaviorTests.OidcProviderOptions_Validate_ShouldRejectInsecureOidcUris(environmentName: &quot;Production&quot;, issuer: &quot;https://cloud.example.com&quot;, redirectUri: &quot;http://127.0.0.1:5178/api/identity/cloud-oidc/call&quot;···, postLogoutRedirectUri: &quot;https://ai.example.com/login&quot;)" storage="/users/shushu/developer/产线系统架构升级/1/.codex-worktrees/cloud-cache-001/src/tests/iiot.cloudplatform.contracttests/bin/release/net10.0/iiot.cloudplatform.contracttests.dll" id="9f0c2bb6-7612-7d0f-d113-365496cc8a54">
      <Execution id="91dec796-ffda-4203-a4eb-47e6cdfddbf2" />
      <TestMethod codeBase="/Users/shushu/Developer/产线系统架构升级/1/.codex-worktrees/cloud-cache-001/src/tests/IIoT.CloudPlatform.ContractTests/bin/Release/net10.0/IIoT.CloudPlatform.ContractTests.dll" adapterTypeName="executor://xunit/VsTestRunner3/netcore/" className="IIoT.CloudPlatform.ContractTests.CloudOidcProviderBehaviorTests" name="OidcProviderOptions_Validate_ShouldRejectInsecureOidcUris" />
    </UnitTest>
    <UnitTest name="IIoT.CloudPlatform.ContractTests.GatewayAndEventContractTests.PassStationConsumer_ShouldRejectUnsupportedSchemaBeforeDispatch" storage="/users/shushu/developer/产线系统架构升级/1/.codex-worktrees/cloud-cache-001/src/tests/iiot.cloudplatform.contracttests/bin/release/net10.0/iiot.cloudplatform.contracttests.dll" id="52fbdaeb-3006-034c-708c-5923d17940f0">
      <Execution id="a9958e8c-fb2d-4d9a-9449-f480be835a19" />
      <TestMethod codeBase="/Users/shushu/Developer/产线系统架构升级/1/.codex-worktrees/cloud-cache-001/src/tests/IIoT.CloudPlatform.ContractTests/bin/Release/net10.0/IIoT.CloudPlatform.ContractTests.dll" adapterTypeName="executor://xunit/VsTestRunner3/netcore/" className="IIoT.CloudPlatform.ContractTests.GatewayAndEventContractTests" name="PassStationConsumer_ShouldRejectUnsupportedSchemaBeforeDispatch" />
    </UnitTest>
    <UnitTest name="IIoT.CloudPlatform.ContractTests.AiReadHttpContractTests.AiReadProductionRecordDto_ShouldExposeStructuredFieldsWithoutRawPayloadColumn" storage="/users/shushu/developer/产线系统架构升级/1/.codex-worktrees/cloud-cache-001/src/tests/iiot.cloudplatform.contracttests/bin/release/net10.0/iiot.cloudplatform.contracttests.dll" id="11e09114-9764-220d-cbbe-8105fa08e375">
      <Execution id="c7a59da0-5eb4-440a-bfde-b29af36671f4" />
      <TestMethod codeBase="/Users/shushu/Developer/产线系统架构升级/1/.codex-worktrees/cloud-cache-001/src/tests/IIoT.CloudPlatform.ContractTests/bin/Release/net10.0/IIoT.CloudPlatform.ContractTests.dll" adapterTypeName="executor://xunit/VsTestRunner3/netcore/" className="IIoT.CloudPlatform.ContractTests.AiReadHttpContractTests" name="AiReadProductionRecordDto_ShouldExposeStructuredFieldsWithoutRawPayloadColumn" />
    </UnitTest>
    <UnitTest name="IIoT.CloudPlatform.ContractTests.CloudOidcProviderBehaviorTests.OidcProviderOptions_Validate_ShouldRejectPublicHttpEvenWhenIntranetHttpOidcIsEnabled(issuer: &quot;http://cloud.example.com&quot;, redirectUri: &quot;http://10.98.90.154:82/api/identity/cloud-oidc/cal&quot;···, postLogoutRedirectUri: &quot;http://10.98.90.154:82/login&quot;)" storage="/users/shushu/developer/产线系统架构升级/1/.codex-worktrees/cloud-cache-001/src/tests/iiot.cloudplatform.contracttests/bin/release/net10.0/iiot.cloudplatform.contracttests.dll" id="6fe1f6d0-b18b-6216-eed1-8406900dfd99">
      <Execution id="32ec7b23-597a-494d-b94a-9e8e09ad2c70" />
      <TestMethod codeBase="/Users/shushu/Developer/产线系统架构升级/1/.codex-worktrees/cloud-cache-001/src/tests/IIoT.CloudPlatform.ContractTests/bin/Release/net10.0/IIoT.CloudPlatform.ContractTests.dll" adapterTypeName="executor://xunit/VsTestRunner3/netcore/" className="IIoT.CloudPlatform.ContractTests.CloudOidcProviderBehaviorTests" name="OidcProviderOptions_Validate_ShouldRejectPublicHttpEvenWhenIntranetHttpOidcIsEnabled" />
    </UnitTest>
    <UnitTest name="IIoT.CloudPlatform.ContractTests.HttpControllerContractTests.CurrentUser_ShouldPreserveEveryDistinctRoleAndExposeNoSingleRoleShortcut" storage="/users/shushu/developer/产线系统架构升级/1/.codex-worktrees/cloud-cache-001/src/tests/iiot.cloudplatform.contracttests/bin/release/net10.0/iiot.cloudplatform.contracttests.dll" id="3c9e1de7-9f1e-c90f-46d2-5b216b0b0760">
      <Execution id="e19c3ed0-0afb-4c0f-be95-e0a6799cbb2d" />
      <TestMethod codeBase="/Users/shushu/Developer/产线系统架构升级/1/.codex-worktrees/cloud-cache-001/src/tests/IIoT.CloudPlatform.ContractTests/bin/Release/net10.0/IIoT.CloudPlatform.ContractTests.dll" adapterTypeName="executor://xunit/VsTestRunner3/netcore/" className="IIoT.CloudPlatform.ContractTests.HttpControllerContractTests" name="CurrentUser_ShouldPreserveEveryDistinctRoleAndExposeNoSingleRoleShortcut" />
    </UnitTest>
    <UnitTest name="IIoT.CloudPlatform.ContractTests.CloudOidcProviderBehaviorTests.OidcProviderOptions_Validate_ShouldAllowDevelopmentLoopbackHttp(issuer: &quot;http://[::1]:8080&quot;, redirectUri: &quot;http://[::1]:5178/api/identity/cloud-oidc/callback&quot;, postLogoutRedirectUri: &quot;http://[::1]:5178/login&quot;)" storage="/users/shushu/developer/产线系统架构升级/1/.codex-worktrees/cloud-cache-001/src/tests/iiot.cloudplatform.contracttests/bin/release/net10.0/iiot.cloudplatform.contracttests.dll" id="9f3d7a9f-549a-f132-f665-4e1f6dae9e14">
      <Execution id="fb56b419-b970-484b-a754-e979da37a92f" />
      <TestMethod codeBase="/Users/shushu/Developer/产线系统架构升级/1/.codex-worktrees/cloud-cache-001/src/tests/IIoT.CloudPlatform.ContractTests/bin/Release/net10.0/IIoT.CloudPlatform.ContractTests.dll" adapterTypeName="executor://xunit/VsTestRunner3/netcore/" className="IIoT.CloudPlatform.ContractTests.CloudOidcProviderBehaviorTests" name="OidcProviderOptions_Validate_ShouldAllowDevelopmentLoopbackHttp" />
    </UnitTest>
    <UnitTest name="IIoT.CloudPlatform.ContractTests.ProductionContractShapeTests.EdgeInstallerArtifactManifest_ShouldExposeVelopackSetupFileContract" storage="/users/shushu/developer/产线系统架构升级/1/.codex-worktrees/cloud-cache-001/src/tests/iiot.cloudplatform.contracttests/bin/release/net10.0/iiot.cloudplatform.contracttests.dll" id="ca59b9a9-a3f7-7f21-4cfd-6826b28938ef">
      <Execution id="1c41fa81-4018-4dd2-b031-053c7b38818c" />
      <TestMethod codeBase="/Users/shushu/Developer/产线系统架构升级/1/.codex-worktrees/cloud-cache-001/src/tests/IIoT.CloudPlatform.ContractTests/bin/Release/net10.0/IIoT.CloudPlatform.ContractTests.dll" adapterTypeName="executor://xunit/VsTestRunner3/netcore/" className="IIoT.CloudPlatform.ContractTests.ProductionContractShapeTests" name="EdgeInstallerArtifactManifest_ShouldExposeVelopackSetupFileContract" />
    </UnitTest>
    <UnitTest name="IIoT.CloudPlatform.ContractTests.HttpControllerContractTests.HumanDeviceController_ShouldNotExposeManualBootstrapSecretRotation" storage="/users/shushu/developer/产线系统架构升级/1/.codex-worktrees/cloud-cache-001/src/tests/iiot.cloudplatform.contracttests/bin/release/net10.0/iiot.cloudplatform.contracttests.dll" id="91c49654-5aef-3fd1-054c-4abade93868e">
      <Execution id="b294170a-1c57-4972-b87c-16ad2f9acae5" />
      <TestMethod codeBase="/Users/shushu/Developer/产线系统架构升级/1/.codex-worktrees/cloud-cache-001/src/tests/IIoT.CloudPlatform.ContractTests/bin/Release/net10.0/IIoT.CloudPlatform.ContractTests.dll" adapterTypeName="executor://xunit/VsTestRunner3/netcore/" className="IIoT.CloudPlatform.ContractTests.HttpControllerContractTests" name="HumanDeviceController_ShouldNotExposeManualBootstrapSecretRotation" />
    </UnitTest>
    <UnitTest name="IIoT.CloudPlatform.ContractTests.HttpControllerContractTests.EdgeHostControllers_ShouldKeepHumanReadAndEdgeReportSurfacesSeparated" storage="/users/shushu/developer/产线系统架构升级/1/.codex-worktrees/cloud-cache-001/src/tests/iiot.cloudplatform.contracttests/bin/release/net10.0/iiot.cloudplatform.contracttests.dll" id="968ca44d-f431-12bf-e8db-fbbf28e18b83">
      <Execution id="42bd86bd-fd92-4794-8124-78aa2a937231" />
      <TestMethod codeBase="/Users/shushu/Developer/产线系统架构升级/1/.codex-worktrees/cloud-cache-001/src/tests/IIoT.CloudPlatform.ContractTests/bin/Release/net10.0/IIoT.CloudPlatform.ContractTests.dll" adapterTypeName="executor://xunit/VsTestRunner3/netcore/" className="IIoT.CloudPlatform.ContractTests.HttpControllerContractTests" name="EdgeHostControllers_ShouldKeepHumanReadAndEdgeReportSurfacesSeparated" />
    </UnitTest>
    <UnitTest name="IIoT.CloudPlatform.ContractTests.CloudOidcProviderBehaviorTests.OidcProviderOptions_Validate_ShouldRejectPublicHttpEvenWhenIntranetHttpOidcIsEnabled(issuer: &quot;http://10.98.90.154:81&quot;, redirectUri: &quot;http://10.98.90.154:82/api/identity/cloud-oidc/cal&quot;···, postLogoutRedirectUri: &quot;http://ai.example.com/login&quot;)" storage="/users/shushu/developer/产线系统架构升级/1/.codex-worktrees/cloud-cache-001/src/tests/iiot.cloudplatform.contracttests/bin/release/net10.0/iiot.cloudplatform.contracttests.dll" id="75cd9d6d-70e4-287f-d065-7b2bc65f2842">
      <Execution id="4f62af03-7f7a-41e3-85ec-e95a022e96a9" />
      <TestMethod codeBase="/Users/shushu/Developer/产线系统架构升级/1/.codex-worktrees/cloud-cache-001/src/tests/IIoT.CloudPlatform.ContractTests/bin/Release/net10.0/IIoT.CloudPlatform.ContractTests.dll" adapterTypeName="executor://xunit/VsTestRunner3/netcore/" className="IIoT.CloudPlatform.ContractTests.CloudOidcProviderBehaviorTests" name="OidcProviderOptions_Validate_ShouldRejectPublicHttpEvenWhenIntranetHttpOidcIsEnabled" />
    </UnitTest>
    <UnitTest name="IIoT.CloudPlatform.ContractTests.InfrastructureContractTests.OutboxMessage_ShouldRoundTripIntegrationEvents" storage="/users/shushu/developer/产线系统架构升级/1/.codex-worktrees/cloud-cache-001/src/tests/iiot.cloudplatform.contracttests/bin/release/net10.0/iiot.cloudplatform.contracttests.dll" id="58e99901-3a04-a335-595a-e676bc3e95f2">
      <Execution id="6b742d2f-8c82-4a32-a371-3062f49cd514" />
      <TestMethod codeBase="/Users/shushu/Developer/产线系统架构升级/1/.codex-worktrees/cloud-cache-001/src/tests/IIoT.CloudPlatform.ContractTests/bin/Release/net10.0/IIoT.CloudPlatform.ContractTests.dll" adapterTypeName="executor://xunit/VsTestRunner3/netcore/" className="IIoT.CloudPlatform.ContractTests.InfrastructureContractTests" name="OutboxMessage_ShouldRoundTripIntegrationEvents" />
    </UnitTest>
    <UnitTest name="IIoT.CloudPlatform.ContractTests.HttpControllerContractTests.EdgeUploadActions_ShouldExposeExactLimitsAndDedicatedPolicies(controller: typeof(IIoT.HttpApi.Controllers.EdgePassStationController), methodName: &quot;ReceiveBatch&quot;, route: &quot;{typeKey}/batch&quot;, ratePolicy: &quot;pass-station-upload&quot;)" storage="/users/shushu/developer/产线系统架构升级/1/.codex-worktrees/cloud-cache-001/src/tests/iiot.cloudplatform.contracttests/bin/release/net10.0/iiot.cloudplatform.contracttests.dll" id="44e0edfa-e8e6-4863-6988-40fb359e375a">
      <Execution id="3935813e-23d1-42d2-a524-680f80ad0ee5" />
      <TestMethod codeBase="/Users/shushu/Developer/产线系统架构升级/1/.codex-worktrees/cloud-cache-001/src/tests/IIoT.CloudPlatform.ContractTests/bin/Release/net10.0/IIoT.CloudPlatform.ContractTests.dll" adapterTypeName="executor://xunit/VsTestRunner3/netcore/" className="IIoT.CloudPlatform.ContractTests.HttpControllerContractTests" name="EdgeUploadActions_ShouldExposeExactLimitsAndDedicatedPolicies" />
    </UnitTest>
    <UnitTest name="IIoT.CloudPlatform.ContractTests.HttpControllerContractTests.EdgeUploadActions_ShouldExposeExactLimitsAndDedicatedPolicies(controller: typeof(IIoT.HttpApi.Controllers.EdgeCapacityController), methodName: &quot;ReceiveHourly&quot;, route: &quot;hourly&quot;, ratePolicy: &quot;capacity-upload&quot;)" storage="/users/shushu/developer/产线系统架构升级/1/.codex-worktrees/cloud-cache-001/src/tests/iiot.cloudplatform.contracttests/bin/release/net10.0/iiot.cloudplatform.contracttests.dll" id="a458c86d-a4e8-f362-b75e-89a522b97a61">
      <Execution id="b04eb5f1-82d1-44ee-b34c-fc29edf6896e" />
      <TestMethod codeBase="/Users/shushu/Developer/产线系统架构升级/1/.codex-worktrees/cloud-cache-001/src/tests/IIoT.CloudPlatform.ContractTests/bin/Release/net10.0/IIoT.CloudPlatform.ContractTests.dll" adapterTypeName="executor://xunit/VsTestRunner3/netcore/" className="IIoT.CloudPlatform.ContractTests.HttpControllerContractTests" name="EdgeUploadActions_ShouldExposeExactLimitsAndDedicatedPolicies" />
    </UnitTest>
    <UnitTest name="IIoT.CloudPlatform.ContractTests.GatewayAndEventContractTests.GatewayRouteCatalog_ShouldResolveConfiguredSurfacesAndRejectAliases(path: &quot;/unknown&quot;, expectedSurface: &quot;unknown&quot;, expectedRouteOrUpstream: &quot;unmatched&quot;, expectedBlocked: False)" storage="/users/shushu/developer/产线系统架构升级/1/.codex-worktrees/cloud-cache-001/src/tests/iiot.cloudplatform.contracttests/bin/release/net10.0/iiot.cloudplatform.contracttests.dll" id="b48764b1-6842-da18-15bc-a4e07506998e">
      <Execution id="46302cac-4ce3-462e-8b88-21596c7acf25" />
      <TestMethod codeBase="/Users/shushu/Developer/产线系统架构升级/1/.codex-worktrees/cloud-cache-001/src/tests/IIoT.CloudPlatform.ContractTests/bin/Release/net10.0/IIoT.CloudPlatform.ContractTests.dll" adapterTypeName="executor://xunit/VsTestRunner3/netcore/" className="IIoT.CloudPlatform.ContractTests.GatewayAndEventContractTests" name="GatewayRouteCatalog_ShouldResolveConfiguredSurfacesAndRejectAliases" />
    </UnitTest>
    <UnitTest name="IIoT.CloudPlatform.ContractTests.GatewayAndEventContractTests.HourlyCapacityConsumer_ShouldRejectUnsupportedSchemaBeforeDispatch" storage="/users/shushu/developer/产线系统架构升级/1/.codex-worktrees/cloud-cache-001/src/tests/iiot.cloudplatform.contracttests/bin/release/net10.0/iiot.cloudplatform.contracttests.dll" id="1203f927-6cdd-31a7-368c-f693f83e3d65">
      <Execution id="5fd4211f-9eff-4c28-8786-e6ad3e8463ca" />
      <TestMethod codeBase="/Users/shushu/Developer/产线系统架构升级/1/.codex-worktrees/cloud-cache-001/src/tests/IIoT.CloudPlatform.ContractTests/bin/Release/net10.0/IIoT.CloudPlatform.ContractTests.dll" adapterTypeName="executor://xunit/VsTestRunner3/netcore/" className="IIoT.CloudPlatform.ContractTests.GatewayAndEventContractTests" name="HourlyCapacityConsumer_ShouldRejectUnsupportedSchemaBeforeDispatch" />
    </UnitTest>
    <UnitTest name="IIoT.CloudPlatform.ContractTests.CloudOidcProviderBehaviorTests.OidcProviderOptions_Validate_ShouldRejectPublicHttpEvenWhenIntranetHttpOidcIsEnabled(issuer: &quot;http://8.8.8.8:81&quot;, redirectUri: &quot;http://10.98.90.154:82/api/identity/cloud-oidc/cal&quot;···, postLogoutRedirectUri: &quot;http://10.98.90.154:82/login&quot;)" storage="/users/shushu/developer/产线系统架构升级/1/.codex-worktrees/cloud-cache-001/src/tests/iiot.cloudplatform.contracttests/bin/release/net10.0/iiot.cloudplatform.contracttests.dll" id="3af01a4a-b644-a82e-cbcb-efea2b0b34dd">
      <Execution id="98a0ad7f-6747-4e64-8d80-518e512b7936" />
      <TestMethod codeBase="/Users/shushu/Developer/产线系统架构升级/1/.codex-worktrees/cloud-cache-001/src/tests/IIoT.CloudPlatform.ContractTests/bin/Release/net10.0/IIoT.CloudPlatform.ContractTests.dll" adapterTypeName="executor://xunit/VsTestRunner3/netcore/" className="IIoT.CloudPlatform.ContractTests.CloudOidcProviderBehaviorTests" name="OidcProviderOptions_Validate_ShouldRejectPublicHttpEvenWhenIntranetHttpOidcIsEnabled" />
    </UnitTest>
    <UnitTest name="IIoT.CloudPlatform.ContractTests.CloudOidcProviderBehaviorTests.OidcProviderOptions_Validate_ShouldRejectInsecureOidcUris(environmentName: &quot;Production&quot;, issuer: &quot;https://cloud.example.com&quot;, redirectUri: &quot;https://ai.example.com/api/identity/cloud-oidc/cal&quot;···, postLogoutRedirectUri: &quot;http://localhost:5178/login&quot;)" storage="/users/shushu/developer/产线系统架构升级/1/.codex-worktrees/cloud-cache-001/src/tests/iiot.cloudplatform.contracttests/bin/release/net10.0/iiot.cloudplatform.contracttests.dll" id="a9378c6c-4607-54c9-7a49-1f0c8b04bfc3">
      <Execution id="0645955c-a2eb-4b5a-a40a-c893cce5d11e" />
      <TestMethod codeBase="/Users/shushu/Developer/产线系统架构升级/1/.codex-worktrees/cloud-cache-001/src/tests/IIoT.CloudPlatform.ContractTests/bin/Release/net10.0/IIoT.CloudPlatform.ContractTests.dll" adapterTypeName="executor://xunit/VsTestRunner3/netcore/" className="IIoT.CloudPlatform.ContractTests.CloudOidcProviderBehaviorTests" name="OidcProviderOptions_Validate_ShouldRejectInsecureOidcUris" />
    </UnitTest>
    <UnitTest name="IIoT.CloudPlatform.ContractTests.GatewayAndEventContractTests.AppHostTestingGuard_RequiresAnAlreadyTrustedTestingEnvironment" storage="/users/shushu/developer/产线系统架构升级/1/.codex-worktrees/cloud-cache-001/src/tests/iiot.cloudplatform.contracttests/bin/release/net10.0/iiot.cloudplatform.contracttests.dll" id="15288e12-e828-250f-2d86-f30a03507afe">
      <Execution id="060a1761-8da0-4e7a-a832-3e53c30ecc06" />
      <TestMethod codeBase="/Users/shushu/Developer/产线系统架构升级/1/.codex-worktrees/cloud-cache-001/src/tests/IIoT.CloudPlatform.ContractTests/bin/Release/net10.0/IIoT.CloudPlatform.ContractTests.dll" adapterTypeName="executor://xunit/VsTestRunner3/netcore/" className="IIoT.CloudPlatform.ContractTests.GatewayAndEventContractTests" name="AppHostTestingGuard_RequiresAnAlreadyTrustedTestingEnvironment" />
    </UnitTest>
    <UnitTest name="IIoT.CloudPlatform.ContractTests.CloudOidcProviderBehaviorTests.OidcProviderOptions_Validate_ShouldAllowExplicitIntranetHttpOidc(issuer: &quot;http://172.16.0.10:81&quot;, redirectUri: &quot;http://172.31.255.11:82/api/identity/cloud-oidc/ca&quot;···, postLogoutRedirectUri: &quot;http://172.31.255.11:82/login&quot;)" storage="/users/shushu/developer/产线系统架构升级/1/.codex-worktrees/cloud-cache-001/src/tests/iiot.cloudplatform.contracttests/bin/release/net10.0/iiot.cloudplatform.contracttests.dll" id="d33ecd52-e0b2-d91b-2018-4931411bb278">
      <Execution id="e1f5e047-5d5c-467b-b1ab-97965106908e" />
      <TestMethod codeBase="/Users/shushu/Developer/产线系统架构升级/1/.codex-worktrees/cloud-cache-001/src/tests/IIoT.CloudPlatform.ContractTests/bin/Release/net10.0/IIoT.CloudPlatform.ContractTests.dll" adapterTypeName="executor://xunit/VsTestRunner3/netcore/" className="IIoT.CloudPlatform.ContractTests.CloudOidcProviderBehaviorTests" name="OidcProviderOptions_Validate_ShouldAllowExplicitIntranetHttpOidc" />
    </UnitTest>
    <UnitTest name="IIoT.CloudPlatform.ContractTests.HttpControllerContractTests.ApiControllerBase_ShouldReturnProblemDetailsWithStableMediaTypeAndErrors" storage="/users/shushu/developer/产线系统架构升级/1/.codex-worktrees/cloud-cache-001/src/tests/iiot.cloudplatform.contracttests/bin/release/net10.0/iiot.cloudplatform.contracttests.dll" id="951baf9a-bac4-ec0a-76e0-cdd0b7a5a443">
      <Execution id="63ee104a-dfc1-4d63-9dc9-abf9be7410b8" />
      <TestMethod codeBase="/Users/shushu/Developer/产线系统架构升级/1/.codex-worktrees/cloud-cache-001/src/tests/IIoT.CloudPlatform.ContractTests/bin/Release/net10.0/IIoT.CloudPlatform.ContractTests.dll" adapterTypeName="executor://xunit/VsTestRunner3/netcore/" className="IIoT.CloudPlatform.ContractTests.HttpControllerContractTests" name="ApiControllerBase_ShouldReturnProblemDetailsWithStableMediaTypeAndErrors" />
    </UnitTest>
    <UnitTest name="IIoT.CloudPlatform.ContractTests.CloudOidcProviderBehaviorTests.CloudOidcUserProfile_ShouldKeepClaimsContractMinimal" storage="/users/shushu/developer/产线系统架构升级/1/.codex-worktrees/cloud-cache-001/src/tests/iiot.cloudplatform.contracttests/bin/release/net10.0/iiot.cloudplatform.contracttests.dll" id="135c9a04-3c92-bcf1-0b8c-30df003667bb">
      <Execution id="dc8f0cc5-debb-4889-b8c4-f2e607caad33" />
      <TestMethod codeBase="/Users/shushu/Developer/产线系统架构升级/1/.codex-worktrees/cloud-cache-001/src/tests/IIoT.CloudPlatform.ContractTests/bin/Release/net10.0/IIoT.CloudPlatform.ContractTests.dll" adapterTypeName="executor://xunit/VsTestRunner3/netcore/" className="IIoT.CloudPlatform.ContractTests.CloudOidcProviderBehaviorTests" name="CloudOidcUserProfile_ShouldKeepClaimsContractMinimal" />
    </UnitTest>
    <UnitTest name="IIoT.CloudPlatform.ContractTests.CloudOidcProviderBehaviorTests.OidcProviderOptions_Validate_ShouldAllowDevelopmentLoopbackHttp(issuer: &quot;http://127.0.0.1:8080&quot;, redirectUri: &quot;http://127.0.0.1:5178/api/identity/cloud-oidc/call&quot;···, postLogoutRedirectUri: &quot;http://127.0.0.1:5178/login&quot;)" storage="/users/shushu/developer/产线系统架构升级/1/.codex-worktrees/cloud-cache-001/src/tests/iiot.cloudplatform.contracttests/bin/release/net10.0/iiot.cloudplatform.contracttests.dll" id="48f7a108-a423-4fca-6b1b-a88149991174">
      <Execution id="62c00609-e00a-4841-9774-bfb97d06655c" />
      <TestMethod codeBase="/Users/shushu/Developer/产线系统架构升级/1/.codex-worktrees/cloud-cache-001/src/tests/IIoT.CloudPlatform.ContractTests/bin/Release/net10.0/IIoT.CloudPlatform.ContractTests.dll" adapterTypeName="executor://xunit/VsTestRunner3/netcore/" className="IIoT.CloudPlatform.ContractTests.CloudOidcProviderBehaviorTests" name="OidcProviderOptions_Validate_ShouldAllowDevelopmentLoopbackHttp" />
    </UnitTest>
    <UnitTest name="IIoT.CloudPlatform.ContractTests.GatewayAndEventContractTests.GatewayRouteCatalog_ShouldResolveConfiguredSurfacesAndRejectAliases(path: &quot;/api/v1/edge/device-logs&quot;, expectedSurface: &quot;edge&quot;, expectedRouteOrUpstream: &quot;edge&quot;, expectedBlocked: False)" storage="/users/shushu/developer/产线系统架构升级/1/.codex-worktrees/cloud-cache-001/src/tests/iiot.cloudplatform.contracttests/bin/release/net10.0/iiot.cloudplatform.contracttests.dll" id="dd2fd4e5-ed40-c2ff-ff74-ec1b61d9532f">
      <Execution id="c08917e9-8a2e-44f8-ac1d-61d9d5446824" />
      <TestMethod codeBase="/Users/shushu/Developer/产线系统架构升级/1/.codex-worktrees/cloud-cache-001/src/tests/IIoT.CloudPlatform.ContractTests/bin/Release/net10.0/IIoT.CloudPlatform.ContractTests.dll" adapterTypeName="executor://xunit/VsTestRunner3/netcore/" className="IIoT.CloudPlatform.ContractTests.GatewayAndEventContractTests" name="GatewayRouteCatalog_ShouldResolveConfiguredSurfacesAndRejectAliases" />
    </UnitTest>
    <UnitTest name="IIoT.CloudPlatform.ContractTests.CloudOidcProviderBehaviorTests.OidcProviderOptions_Validate_ShouldAllowExplicitIntranetHttpOidc(issuer: &quot;http://192.168.1.10:81&quot;, redirectUri: &quot;http://192.168.1.11:82/api/identity/cloud-oidc/cal&quot;···, postLogoutRedirectUri: &quot;http://192.168.1.11:82/login&quot;)" storage="/users/shushu/developer/产线系统架构升级/1/.codex-worktrees/cloud-cache-001/src/tests/iiot.cloudplatform.contracttests/bin/release/net10.0/iiot.cloudplatform.contracttests.dll" id="1170ae8c-d511-f6a9-9903-c8c3e66dedfd">
      <Execution id="03398e7c-6a2c-48ce-8ca1-55dbb698cc58" />
      <TestMethod codeBase="/Users/shushu/Developer/产线系统架构升级/1/.codex-worktrees/cloud-cache-001/src/tests/IIoT.CloudPlatform.ContractTests/bin/Release/net10.0/IIoT.CloudPlatform.ContractTests.dll" adapterTypeName="executor://xunit/VsTestRunner3/netcore/" className="IIoT.CloudPlatform.ContractTests.CloudOidcProviderBehaviorTests" name="OidcProviderOptions_Validate_ShouldAllowExplicitIntranetHttpOidc" />
    </UnitTest>
    <UnitTest name="IIoT.CloudPlatform.ContractTests.ProductionContractShapeTests.EventContracts_ShouldExposeIntegrationEventBoundary" storage="/users/shushu/developer/产线系统架构升级/1/.codex-worktrees/cloud-cache-001/src/tests/iiot.cloudplatform.contracttests/bin/release/net10.0/iiot.cloudplatform.contracttests.dll" id="fd5b952e-f0c1-0092-70ad-9a979342264e">
      <Execution id="c014b7c2-19c7-4505-a27b-137cae6cdcbb" />
      <TestMethod codeBase="/Users/shushu/Developer/产线系统架构升级/1/.codex-worktrees/cloud-cache-001/src/tests/IIoT.CloudPlatform.ContractTests/bin/Release/net10.0/IIoT.CloudPlatform.ContractTests.dll" adapterTypeName="executor://xunit/VsTestRunner3/netcore/" className="IIoT.CloudPlatform.ContractTests.ProductionContractShapeTests" name="EventContracts_ShouldExposeIntegrationEventBoundary" />
    </UnitTest>
  </TestDefinitions>
  <TestEntries>
    <TestEntry testId="1170ae8c-d511-f6a9-9903-c8c3e66dedfd" executionId="03398e7c-6a2c-48ce-8ca1-55dbb698cc58" testListId="8c84fa94-04c1-424b-9868-57a2d4851a1d" />
    <TestEntry testId="bf675e40-8e0e-8163-d20b-f3ce572258e9" executionId="efe78183-56e5-41c3-b9ab-9fb2c60f8fd6" testListId="8c84fa94-04c1-424b-9868-57a2d4851a1d" />
    <TestEntry testId="bec2b521-5d68-3a88-3727-f0eed7ba813a" executionId="45e83433-c04d-434d-be77-353b3a3ce765" testListId="8c84fa94-04c1-424b-9868-57a2d4851a1d" />
    <TestEntry testId="15288e12-e828-250f-2d86-f30a03507afe" executionId="060a1761-8da0-4e7a-a832-3e53c30ecc06" testListId="8c84fa94-04c1-424b-9868-57a2d4851a1d" />
    <TestEntry testId="135c9a04-3c92-bcf1-0b8c-30df003667bb" executionId="dc8f0cc5-debb-4889-b8c4-f2e607caad33" testListId="8c84fa94-04c1-424b-9868-57a2d4851a1d" />
    <TestEntry testId="a9378c6c-4607-54c9-7a49-1f0c8b04bfc3" executionId="0645955c-a2eb-4b5a-a40a-c893cce5d11e" testListId="8c84fa94-04c1-424b-9868-57a2d4851a1d" />
    <TestEntry testId="e53e4b5d-0359-6fec-123e-d2eda5411520" executionId="9d3bc9ea-e5a6-49b1-8654-d0cb2029d3ba" testListId="8c84fa94-04c1-424b-9868-57a2d4851a1d" />
    <TestEntry testId="3bbb395c-40b6-1982-d525-6676854d0ccd" executionId="14b747fc-5d1d-4d0d-8f62-c3469b077f76" testListId="8c84fa94-04c1-424b-9868-57a2d4851a1d" />
    <TestEntry testId="91c49654-5aef-3fd1-054c-4abade93868e" executionId="b294170a-1c57-4972-b87c-16ad2f9acae5" testListId="8c84fa94-04c1-424b-9868-57a2d4851a1d" />
    <TestEntry testId="a74449c5-3057-1b35-1a64-42ff67e81648" executionId="38ae38a2-3d5a-4733-a70c-fc736785f554" testListId="8c84fa94-04c1-424b-9868-57a2d4851a1d" />
    <TestEntry testId="e84e36df-7bf6-d56b-d388-7f43b077fb27" executionId="7d6d500e-19fc-41d2-8fd6-7418174ad400" testListId="8c84fa94-04c1-424b-9868-57a2d4851a1d" />
    <TestEntry testId="62e68e30-9d3d-4539-d804-47ed5ec94ac4" executionId="4db57151-ec36-4187-af43-2b82bb49cbcb" testListId="8c84fa94-04c1-424b-9868-57a2d4851a1d" />
    <TestEntry testId="17b7bed2-3ad1-f74d-3a7c-55c02efa217b" executionId="d87a899c-4001-4628-8b0a-c657ec6a1117" testListId="8c84fa94-04c1-424b-9868-57a2d4851a1d" />
    <TestEntry testId="951baf9a-bac4-ec0a-76e0-cdd0b7a5a443" executionId="63ee104a-dfc1-4d63-9dc9-abf9be7410b8" testListId="8c84fa94-04c1-424b-9868-57a2d4851a1d" />
    <TestEntry testId="ca59b9a9-a3f7-7f21-4cfd-6826b28938ef" executionId="1c41fa81-4018-4dd2-b031-053c7b38818c" testListId="8c84fa94-04c1-424b-9868-57a2d4851a1d" />
    <TestEntry testId="fd5b952e-f0c1-0092-70ad-9a979342264e" executionId="c014b7c2-19c7-4505-a27b-137cae6cdcbb" testListId="8c84fa94-04c1-424b-9868-57a2d4851a1d" />
    <TestEntry testId="52fbdaeb-3006-034c-708c-5923d17940f0" executionId="a9958e8c-fb2d-4d9a-9449-f480be835a19" testListId="8c84fa94-04c1-424b-9868-57a2d4851a1d" />
    <TestEntry testId="9f3d7a9f-549a-f132-f665-4e1f6dae9e14" executionId="fb56b419-b970-484b-a754-e979da37a92f" testListId="8c84fa94-04c1-424b-9868-57a2d4851a1d" />
    <TestEntry testId="968ca44d-f431-12bf-e8db-fbbf28e18b83" executionId="42bd86bd-fd92-4794-8124-78aa2a937231" testListId="8c84fa94-04c1-424b-9868-57a2d4851a1d" />
    <TestEntry testId="d1b3014e-f548-5805-5496-e02ae4dac56f" executionId="b1616fe7-36ce-443c-92b9-0d0721bd3c47" testListId="8c84fa94-04c1-424b-9868-57a2d4851a1d" />
    <TestEntry testId="b48764b1-6842-da18-15bc-a4e07506998e" executionId="46302cac-4ce3-462e-8b88-21596c7acf25" testListId="8c84fa94-04c1-424b-9868-57a2d4851a1d" />
    <TestEntry testId="5bb4b35a-10be-b7d1-5279-80fc97a36f56" executionId="6c982f59-9a6c-4cb3-946f-3ac7c2c1ea2b" testListId="8c84fa94-04c1-424b-9868-57a2d4851a1d" />
    <TestEntry testId="45b083e8-a739-a0cd-b06f-6302e3854303" executionId="cc49a36b-956a-4415-9f8e-23ccf2e7b630" testListId="8c84fa94-04c1-424b-9868-57a2d4851a1d" />
    <TestEntry testId="1056be9a-8e2b-6fed-f55e-c95ee3a2937c" executionId="ff83c67b-6e13-44c5-9e38-15b4e564b0f5" testListId="8c84fa94-04c1-424b-9868-57a2d4851a1d" />
    <TestEntry testId="fa7265eb-06e7-0dad-1898-3a4d06b233e0" executionId="1582c955-2c36-4e8a-a556-a2272a76e936" testListId="8c84fa94-04c1-424b-9868-57a2d4851a1d" />
    <TestEntry testId="dd2fd4e5-ed40-c2ff-ff74-ec1b61d9532f" executionId="c08917e9-8a2e-44f8-ac1d-61d9d5446824" testListId="8c84fa94-04c1-424b-9868-57a2d4851a1d" />
    <TestEntry testId="9f0c2bb6-7612-7d0f-d113-365496cc8a54" executionId="91dec796-ffda-4203-a4eb-47e6cdfddbf2" testListId="8c84fa94-04c1-424b-9868-57a2d4851a1d" />
    <TestEntry testId="74ace5ca-a3ce-57ee-df0b-bfa8e10e761b" executionId="ca7c2aea-f62f-4824-97f6-cf70ad84ac05" testListId="8c84fa94-04c1-424b-9868-57a2d4851a1d" />
    <TestEntry testId="603ac566-22eb-e91d-7d87-5bf2363b5276" executionId="bbd6064f-cdbb-4c4f-b315-de18448cee14" testListId="8c84fa94-04c1-424b-9868-57a2d4851a1d" />
    <TestEntry testId="58e99901-3a04-a335-595a-e676bc3e95f2" executionId="6b742d2f-8c82-4a32-a371-3062f49cd514" testListId="8c84fa94-04c1-424b-9868-57a2d4851a1d" />
    <TestEntry testId="44e0edfa-e8e6-4863-6988-40fb359e375a" executionId="3935813e-23d1-42d2-a524-680f80ad0ee5" testListId="8c84fa94-04c1-424b-9868-57a2d4851a1d" />
    <TestEntry testId="d33ecd52-e0b2-d91b-2018-4931411bb278" executionId="e1f5e047-5d5c-467b-b1ab-97965106908e" testListId="8c84fa94-04c1-424b-9868-57a2d4851a1d" />
    <TestEntry testId="c888d8db-8331-0f07-f4bd-d60fbc271902" executionId="675f54e8-0160-413a-b902-b3889419cd0a" testListId="8c84fa94-04c1-424b-9868-57a2d4851a1d" />
    <TestEntry testId="690cdd0e-acb0-047f-44a3-3b202ce51d48" executionId="79fee005-4d92-4f4c-91e7-9dadd37ee8af" testListId="8c84fa94-04c1-424b-9868-57a2d4851a1d" />
    <TestEntry testId="75cd9d6d-70e4-287f-d065-7b2bc65f2842" executionId="4f62af03-7f7a-41e3-85ec-e95a022e96a9" testListId="8c84fa94-04c1-424b-9868-57a2d4851a1d" />
    <TestEntry testId="3c9e1de7-9f1e-c90f-46d2-5b216b0b0760" executionId="e19c3ed0-0afb-4c0f-be95-e0a6799cbb2d" testListId="8c84fa94-04c1-424b-9868-57a2d4851a1d" />
    <TestEntry testId="72fc79bf-c770-3c6a-d390-1a4bab37cefc" executionId="e008e862-2fc5-4082-9bec-5b790ccde3ca" testListId="8c84fa94-04c1-424b-9868-57a2d4851a1d" />
    <TestEntry testId="6fe1f6d0-b18b-6216-eed1-8406900dfd99" executionId="32ec7b23-597a-494d-b94a-9e8e09ad2c70" testListId="8c84fa94-04c1-424b-9868-57a2d4851a1d" />
    <TestEntry testId="48f7a108-a423-4fca-6b1b-a88149991174" executionId="62c00609-e00a-4841-9774-bfb97d06655c" testListId="8c84fa94-04c1-424b-9868-57a2d4851a1d" />
    <TestEntry testId="187c5b58-a80d-e039-09b3-6390980bc7a6" executionId="0a2552c6-021e-4814-aba9-8513ed6a9d7f" testListId="8c84fa94-04c1-424b-9868-57a2d4851a1d" />
    <TestEntry testId="3509b0cc-5872-95c8-2c63-34429fb495bc" executionId="8bddb30e-8de6-4214-8bc7-a254976945be" testListId="8c84fa94-04c1-424b-9868-57a2d4851a1d" />
    <TestEntry testId="12740674-82c8-bf73-aed3-eb44dc1f704e" executionId="20d17b29-a5c5-4aee-a80b-7ee66ff2fd58" testListId="8c84fa94-04c1-424b-9868-57a2d4851a1d" />
    <TestEntry testId="1203f927-6cdd-31a7-368c-f693f83e3d65" executionId="5fd4211f-9eff-4c28-8786-e6ad3e8463ca" testListId="8c84fa94-04c1-424b-9868-57a2d4851a1d" />
    <TestEntry testId="3af01a4a-b644-a82e-cbcb-efea2b0b34dd" executionId="98a0ad7f-6747-4e64-8d80-518e512b7936" testListId="8c84fa94-04c1-424b-9868-57a2d4851a1d" />
    <TestEntry testId="11e09114-9764-220d-cbbe-8105fa08e375" executionId="c7a59da0-5eb4-440a-bfde-b29af36671f4" testListId="8c84fa94-04c1-424b-9868-57a2d4851a1d" />
    <TestEntry testId="65607550-efb4-5716-4c46-4eb07a78b100" executionId="d7383598-d796-48ce-b706-64a8941db38f" testListId="8c84fa94-04c1-424b-9868-57a2d4851a1d" />
    <TestEntry testId="a458c86d-a4e8-f362-b75e-89a522b97a61" executionId="b04eb5f1-82d1-44ee-b34c-fc29edf6896e" testListId="8c84fa94-04c1-424b-9868-57a2d4851a1d" />
  </TestEntries>
  <TestLists>
    <TestList name="列表中未列出的结果" id="8c84fa94-04c1-424b-9868-57a2d4851a1d" />
    <TestList name="所有已加载的结果" id="19431567-8539-422a-85d7-44ee4e166bda" />
  </TestLists>
  <ResultSummary outcome="Completed">
    <Counters total="47" executed="47" passed="47" failed="0" error="0" timeout="0" aborted="0" inconclusive="0" passedButRunAborted="0" notRunnable="0" notExecuted="0" disconnected="0" warning="0" completed="0" inProgress="0" pending="0" />
    <Output>
      <StdOut>[xUnit.net 00:00:00.00] xUnit.net VSTest Adapter v3.1.4+50e68bbb8b (64-bit .NET 10.0.9)
[xUnit.net 00:00:00.04]   Discovering: IIoT.CloudPlatform.ContractTests
[xUnit.net 00:00:00.08]   Discovered:  IIoT.CloudPlatform.ContractTests
[xUnit.net 00:00:00.10]   Starting:    IIoT.CloudPlatform.ContractTests
[xUnit.net 00:00:00.23]   Finished:    IIoT.CloudPlatform.ContractTests
</StdOut>
    </Output>
  </ResultSummary>
</TestRun>